5.9s 1 0.00s - Debugger warning: It seems that frozen modules are being used, which may
5.9s 2 0.00s - make the debugger miss breakpoints. Please pass -Xfrozen_modules=off
5.9s 3 0.00s - to python to disable frozen modules.
5.9s 4 0.00s - Note: Debugging will proceed. Set PYDEVD_DISABLE_FILE_VALIDATION=1 to disable this validation.
6.4s 5 0.00s - Debugger warning: It seems that frozen modules are being used, which may
6.4s 6 0.00s - make the debugger miss breakpoints. Please pass -Xfrozen_modules=off
6.4s 7 0.00s - to python to disable frozen modules.
6.4s 8 0.00s - Note: Debugging will proceed. Set PYDEVD_DISABLE_FILE_VALIDATION=1 to disable this validation.
19.9s 9 Device: cuda
19.9s 10 Input: 256×256 → Heatmap: 64×64
19.9s 11 Keypoints: 17 (COCO-17, same as MediaPipe subset)
20.3s 12 
20.3s 13 FitJourneyNet V2 architecture check:
20.3s 14 Input:      torch.Size([1, 3, 256, 256])
20.3s 15 Heatmaps:   torch.Size([1, 17, 64, 64])     ← same as V1, browser-compatible
20.3s 16 Regression: torch.Size([1, 17, 3])  ← (B, 17, 3) x/y/conf
20.3s 17 Parameters: 3.81M
20.3s 18 Estimated ONNX size: ~15.2 MB
20.3s 19 ============================================================
20.3s 20 FitJourneyNet V2 — Training
20.3s 21 ============================================================
20.3s 22 Loading COCO train annotations...
20.3s 23 /usr/local/lib/python3.12/dist-packages/albumentations/core/validation.py:114: UserWarning: ShiftScaleRotate is a special case of Affine transform. Please use Affine transform instead.
20.3s 24 original_init(self, **validated_kwargs)
20.3s 25 
20.3s 26 /usr/local/lib/python3.12/dist-packages/albumentations/core/validation.py:114: UserWarning: ShiftScaleRotate is a special case of Affine transform. Please use Affine transform instead.
20.3s 27 original_init(self, **validated_kwargs)
31.0s 28 COCO train: 118859 valid person instances
31.0s 29 Loading COCO val annotations...
31.4s 30 COCO val: 5023 valid person instances
31.4s 31 OCHuman not found ([Errno 2] No such file or directory: '/kaggle/input/ochuman/OCHuman/ochuman.json'), using COCO only
31.6s 32 Using 2 GPUs
31.6s 33 Parameters: 3.81M
69.6s 34 Epoch 1 batch 0 loss 12.0787
224.4s 35 Epoch 1 batch 50 loss 2.7674
381.4s 36 Epoch 1 batch 100 loss 0.9506
537.7s 37 Epoch 1 batch 150 loss 0.7217
694.5s 38 Epoch 1 batch 200 loss 0.3097
851.0s 39 Epoch 1 batch 250 loss 0.1835
1007.9s 40 Epoch 1 batch 300 loss 0.1882
1164.6s 41 Epoch 1 batch 350 loss 0.1565
1321.2s 42 Epoch 1 batch 400 loss 0.1343
1477.7s 43 Epoch 1 batch 450 loss 0.2008
1634.1s 44 Epoch 1 batch 500 loss 0.1803
1790.2s 45 Epoch 1 batch 550 loss 0.1410
1947.0s 46 Epoch 1 batch 600 loss 0.1076
2103.4s 47 Epoch 1 batch 650 loss 0.1056
2260.0s 48 Epoch 1 batch 700 loss 0.0837
2416.3s 49 Epoch 1 batch 750 loss 0.0813
2572.6s 50 Epoch 1 batch 800 loss 0.0720
2729.1s 51 Epoch 1 batch 850 loss 0.0693
2885.4s 52 Epoch 1 batch 900 loss 0.0632
2978.1s 53 Traceback (most recent call last):
2978.1s 54 File "<string>", line 1, in <module>
2978.1s 55 File "/usr/local/lib/python3.12/dist-packages/papermill/execute.py", line 131, in execute_notebook
2978.1s 56 raise_for_execution_errors(nb, output_path)
2978.1s 57 File "/usr/local/lib/python3.12/dist-packages/papermill/execute.py", line 251, in raise_for_execution_errors
2978.1s 58 raise error
2978.1s 59 papermill.exceptions.PapermillExecutionError:
2978.1s 60 ---------------------------------------------------------------------------
2978.1s 61 Exception encountered at "In [1]":
2978.1s 62 ---------------------------------------------------------------------------
2978.1s 63 AcceleratorError                          Traceback (most recent call last)
2978.1s 64 /tmp/ipykernel_23/427929031.py in <cell line: 0>()
2978.1s 65 1103 if __name__ == "__main__":
2978.1s 66 1104     # 1. Train
2978.1s 67 -> 1105     best_checkpoint = main()
2978.1s 68 1106
2978.1s 69 1107     # 2. Export to ONNX
2978.1s 70 
2978.1s 71 /tmp/ipykernel_23/427929031.py in main()
2978.1s 72 935
2978.1s 73 936         train_loss = train_epoch(model, train_loader, optimizer, criterion, DEVICE, epoch, scaler)
2978.1s 74 --> 937         val_loss, val_pckh = validate(model, val_loader, criterion, DEVICE)
2978.1s 75 938
2978.1s 76 939         elapsed = time.time() - t0
2978.1s 77 
2978.1s 78 /usr/local/lib/python3.12/dist-packages/torch/utils/_contextlib.py in decorate_context(*args, **kwargs)
2978.1s 79 122         # pyrefly: ignore [bad-context-manager]
2978.1s 80 123         with ctx_factory():
2978.1s 81 --> 124             return func(*args, **kwargs)
2978.1s 82 125
2978.1s 83 126     return decorate_context
2978.1s 84 
2978.1s 85 /tmp/ipykernel_23/427929031.py in validate(model, loader, criterion, device)
2978.1s 86 848         gt_coords = torch.stack([gx, gy], dim=2)
2978.1s 87 849
2978.1s 88 --> 850         pred_hm, pred_coords = model(images, return_regression=True)
2978.1s 89 851         loss, _ = criterion(pred_hm, pred_coords, heatmaps, gt_coords, weights)
2978.1s 90 852
2978.1s 91 
2978.1s 92 /usr/local/lib/python3.12/dist-packages/torch/nn/modules/module.py in _wrapped_call_impl(self, *args, **kwargs)
2978.1s 93 1774             return self._compiled_call_impl(*args, **kwargs)  # type: ignore[misc]
2978.1s 94 1775         else:
2978.1s 95 -> 1776             return self._call_impl(*args, **kwargs)
2978.1s 96 1777
2978.1s 97 1778     # torchrec tests the code consistency with the following code
2978.1s 98 
2978.1s 99 /usr/local/lib/python3.12/dist-packages/torch/nn/modules/module.py in _call_impl(self, *args, **kwargs)
2978.1s 100 1785                 or _global_backward_pre_hooks or _global_backward_hooks
2978.1s 101 1786                 or _global_forward_hooks or _global_forward_pre_hooks):
2978.1s 102 -> 1787             return forward_call(*args, **kwargs)
2978.1s 103 1788
2978.1s 104 1789         result = None
2978.1s 105 
2978.1s 106 /usr/local/lib/python3.12/dist-packages/torch/nn/parallel/data_parallel.py in forward(self, *inputs, **kwargs)
2978.1s 107 195                 return self.module(*inputs[0], **module_kwargs[0])
2978.1s 108 196             replicas = self.replicate(self.module, self.device_ids[: len(inputs)])
2978.1s 109 --> 197             outputs = self.parallel_apply(replicas, inputs, module_kwargs)
2978.1s 110 198             return self.gather(outputs, self.output_device)
2978.1s 111 199
2978.1s 112 
2978.1s 113 /usr/local/lib/python3.12/dist-packages/torch/nn/parallel/data_parallel.py in parallel_apply(self, replicas, inputs, kwargs)
2978.1s 114 212         self, replicas: Sequence[T], inputs: Sequence[Any], kwargs: Any
2978.1s 115 213     ) -> list[Any]:
2978.1s 116 --> 214         return parallel_apply(
2978.1s 117 215             replicas, inputs, kwargs, self.device_ids[: len(replicas)]
2978.1s 118 216         )
2978.1s 119 
2978.1s 120 /usr/local/lib/python3.12/dist-packages/torch/nn/parallel/parallel_apply.py in parallel_apply(modules, inputs, kwargs_tup, devices)
2978.1s 121 131         output = results[i]
2978.1s 122 132         if isinstance(output, ExceptionWrapper):
2978.1s 123 --> 133             output.reraise()
2978.1s 124 134         outputs.append(output)
2978.1s 125 135     return outputs
2978.1s 126 
2978.1s 127 /usr/local/lib/python3.12/dist-packages/torch/_utils.py in reraise(self)
2978.1s 128 773             # be constructed, don't try to instantiate since we don't know how to
2978.1s 129 774             raise RuntimeError(msg) from None
2978.1s 130 --> 775         raise exception
2978.1s 131 776
2978.1s 132 777
2978.1s 133 
2978.1s 134 AcceleratorError: Caught AcceleratorError in replica 0 on device 0.
2978.1s 135 Original Traceback (most recent call last):
2978.1s 136 File "/usr/local/lib/python3.12/dist-packages/torch/nn/parallel/parallel_apply.py", line 103, in _worker
2978.1s 137 output = module(*input, **kwargs)
2978.1s 138 ^^^^^^^^^^^^^^^^^^^^^^^^
2978.1s 139 File "/usr/local/lib/python3.12/dist-packages/torch/nn/modules/module.py", line 1776, in _wrapped_call_impl
2978.1s 140 return self._call_impl(*args, **kwargs)
2978.1s 141 ^^^^^^^^^^^^^^^^^^^^^^^^^^^^^^^^
2978.1s 142 File "/usr/local/lib/python3.12/dist-packages/torch/nn/modules/module.py", line 1787, in _call_impl
2978.1s 143 return forward_call(*args, **kwargs)
2978.1s 144 ^^^^^^^^^^^^^^^^^^^^^^^^^^^^^
2978.1s 145 File "/tmp/ipykernel_23/427929031.py", line 650, in forward
2978.1s 146 s1, s2, s3, s4     = self.backbone(x)
2978.1s 147 ^^^^^^^^^^^^^^^^
2978.1s 148 File "/usr/local/lib/python3.12/dist-packages/torch/nn/modules/module.py", line 1776, in _wrapped_call_impl
2978.1s 149 return self._call_impl(*args, **kwargs)
2978.1s 150 ^^^^^^^^^^^^^^^^^^^^^^^^^^^^^^^^
2978.1s 151 File "/usr/local/lib/python3.12/dist-packages/torch/nn/modules/module.py", line 1787, in _call_impl
2978.1s 152 return forward_call(*args, **kwargs)
2978.1s 153 ^^^^^^^^^^^^^^^^^^^^^^^^^^^^^
2978.1s 154 File "/tmp/ipykernel_23/427929031.py", line 552, in forward
2978.1s 155 s1 = self.stage1(x) # 64x64
2978.1s 156 ^^^^^^^^^^^^^^
2978.1s 157 File "/usr/local/lib/python3.12/dist-packages/torch/nn/modules/module.py", line 1776, in _wrapped_call_impl
2978.1s 158 return self._call_impl(*args, **kwargs)
2978.1s 159 ^^^^^^^^^^^^^^^^^^^^^^^^^^^^^^^^
2978.1s 160 File "/usr/local/lib/python3.12/dist-packages/torch/nn/modules/module.py", line 1787, in _call_impl
2978.1s 161 return forward_call(*args, **kwargs)
2978.1s 162 ^^^^^^^^^^^^^^^^^^^^^^^^^^^^^
2978.1s 163 File "/usr/local/lib/python3.12/dist-packages/torch/nn/modules/container.py", line 253, in forward
2978.1s 164 input = module(input)
2978.1s 165 ^^^^^^^^^^^^^
2978.1s 166 File "/usr/local/lib/python3.12/dist-packages/torch/nn/modules/module.py", line 1776, in _wrapped_call_impl
2978.1s 167 return self._call_impl(*args, **kwargs)
2978.1s 168 ^^^^^^^^^^^^^^^^^^^^^^^^^^^^^^^^
2978.1s 169 File "/usr/local/lib/python3.12/dist-packages/torch/nn/modules/module.py", line 1787, in _call_impl
2978.1s 170 return forward_call(*args, **kwargs)
2978.1s 171 ^^^^^^^^^^^^^^^^^^^^^^^^^^^^^
2978.1s 172 File "/tmp/ipykernel_23/427929031.py", line 512, in forward
2978.1s 173 out = self.conv[3:5](out) # PW + BN
2978.1s 174 ^^^^^^^^^^^^^^^^^^^
2978.1s 175 File "/usr/local/lib/python3.12/dist-packages/torch/nn/modules/module.py", line 1776, in _wrapped_call_impl
2978.1s 176 return self._call_impl(*args, **kwargs)
2978.1s 177 ^^^^^^^^^^^^^^^^^^^^^^^^^^^^^^^^
2978.1s 178 File "/usr/local/lib/python3.12/dist-packages/torch/nn/modules/module.py", line 1787, in _call_impl
2978.1s 179 return forward_call(*args, **kwargs)
2978.1s 180 ^^^^^^^^^^^^^^^^^^^^^^^^^^^^^
2978.1s 181 File "/usr/local/lib/python3.12/dist-packages/torch/nn/modules/container.py", line 253, in forward
2978.1s 182 input = module(input)
2978.1s 183 ^^^^^^^^^^^^^
2978.1s 184 File "/usr/local/lib/python3.12/dist-packages/torch/nn/modules/module.py", line 1776, in _wrapped_call_impl
2978.1s 185 return self._call_impl(*args, **kwargs)
2978.1s 186 ^^^^^^^^^^^^^^^^^^^^^^^^^^^^^^^^
2978.1s 187 File "/usr/local/lib/python3.12/dist-packages/torch/nn/modules/module.py", line 1787, in _call_impl
2978.1s 188 return forward_call(*args, **kwargs)
2978.1s 189 ^^^^^^^^^^^^^^^^^^^^^^^^^^^^^
2978.1s 190 File "/usr/local/lib/python3.12/dist-packages/torch/nn/modules/conv.py", line 553, in forward
2978.1s 191 return self._conv_forward(input, self.weight, self.bias)
2978.1s 192 ^^^^^^^^^^^^^^^^^^^^^^^^^^^^^^^^^^^^^^^^^^^^^^^^^
2978.1s 193 File "/usr/local/lib/python3.12/dist-packages/torch/nn/modules/conv.py", line 548, in _conv_forward
2978.1s 194 return F.conv2d(
2978.1s 195 ^^^^^^^^^
2978.1s 196 torch.AcceleratorError: CUDA error: misaligned address
2978.1s 197 Search for `cudaErrorMisalignedAddress' in https://docs.nvidia.com/cuda/cuda-runtime-api/group__CUDART__TYPES.html for more information.
2978.1s 198 CUDA kernel errors might be asynchronously reported at some other API call, so the stacktrace below might be incorrect.
2978.1s 199 For debugging consider passing CUDA_LAUNCH_BLOCKING=1
2978.1s 200 Compile with `TORCH_USE_CUDA_DSA` to enable device-side assertions.
2978.1s 201 
2978.1s 202 
2978.1s 203 
2980.1s 204 /usr/local/lib/python3.12/dist-packages/mistune.py:435: SyntaxWarning: invalid escape sequence '\|'
2980.1s 205 cells[i][c] = re.sub('\\\\\|', '|', cell)
2980.3s 206 /usr/local/lib/python3.12/dist-packages/nbconvert/filters/filter_links.py:36: SyntaxWarning: invalid escape sequence '\_'
2980.3s 207 text = re.sub(r'_', '\_', text) # Escape underscores in display text
2980.8s 208 [NbConvertApp] Converting notebook __notebook__.ipynb to notebook
2981.1s 209 [NbConvertApp] Writing 76342 bytes to __notebook__.ipynb
2983.5s 210 [NbConvertApp] Converting notebook __notebook__.ipynb to html
2984.4s 211 [NbConvertApp] Writing 488313 bytes to __results__.html