10.4s 1 0.00s - Debugger warning: It seems that frozen modules are being used, which may
10.4s 2 0.00s - make the debugger miss breakpoints. Please pass -Xfrozen_modules=off
10.4s 3 0.00s - to python to disable frozen modules.
10.4s 4 0.00s - Note: Debugging will proceed. Set PYDEVD_DISABLE_FILE_VALIDATION=1 to disable this validation.
11.3s 5 0.00s - Debugger warning: It seems that frozen modules are being used, which may
11.3s 6 0.00s - make the debugger miss breakpoints. Please pass -Xfrozen_modules=off
11.3s 7 0.00s - to python to disable frozen modules.
11.3s 8 0.00s - Note: Debugging will proceed. Set PYDEVD_DISABLE_FILE_VALIDATION=1 to disable this validation.
31.7s 9 Device: cuda
31.7s 10 Input: 256×256 → Heatmap: 64×64
31.7s 11 Keypoints: 17 (COCO-17, same as MediaPipe subset)
32.5s 12 
32.5s 13 FitJourneyNet V2 architecture check:
32.5s 14 Input:      torch.Size([1, 3, 256, 256])
32.5s 15 Heatmaps:   torch.Size([1, 17, 64, 64])     ← same as V1, browser-compatible
32.5s 16 Regression: torch.Size([1, 17, 3])  ← (B, 17, 3) x/y/conf
32.5s 17 Parameters: 3.81M
32.5s 18 Estimated ONNX size: ~15.2 MB
32.5s 19 ============================================================
32.5s 20 FitJourneyNet V2 — Training
32.5s 21 ============================================================
32.5s 22 Loading COCO train annotations...
32.5s 23 /usr/local/lib/python3.12/dist-packages/albumentations/core/validation.py:114: UserWarning: ShiftScaleRotate is a special case of Affine transform. Please use Affine transform instead.
32.5s 24 original_init(self, **validated_kwargs)
32.5s 25 
32.5s 26 /usr/local/lib/python3.12/dist-packages/albumentations/core/validation.py:114: UserWarning: ShiftScaleRotate is a special case of Affine transform. Please use Affine transform instead.
32.5s 27 original_init(self, **validated_kwargs)
44.5s 28 COCO train: 118859 valid person instances
44.5s 29 Loading COCO val annotations...
44.7s 30 COCO val: 5023 valid person instances
44.7s 31 OCHuman not found ([Errno 2] No such file or directory: '/kaggle/input/ochuman/OCHuman/ochuman.json'), using COCO only
44.8s 32 Using single GPU: cuda (More stable for custom IP models)
44.8s 33 Parameters: 3.81M
82.4s 34 Epoch 1 batch 0 loss 13.0386
107.5s 35 Epoch 1 batch 50 loss 2.8664
149.0s 36 Epoch 1 batch 100 loss 0.8591
178.8s 37 Epoch 1 batch 150 loss 0.4546
202.9s 38 Epoch 1 batch 200 loss 0.2601
228.3s 39 Epoch 1 batch 250 loss 0.2015
253.2s 40 Epoch 1 batch 300 loss 0.2329
279.1s 41 Epoch 1 batch 350 loss 0.1356
303.0s 42 Epoch 1 batch 400 loss 0.1394
325.1s 43 Epoch 1 batch 450 loss 0.1861
347.0s 44 Epoch 1 batch 500 loss 0.1032
368.6s 45 Epoch 1 batch 550 loss 0.1023
393.1s 46 Epoch 1 batch 600 loss 0.1093
415.0s 47 Epoch 1 batch 650 loss 0.0853
436.3s 48 Epoch 1 batch 700 loss 0.0863
458.4s 49 Epoch 1 batch 750 loss 0.1220
482.7s 50 Epoch 1 batch 800 loss 0.0875
507.2s 51 Epoch 1 batch 850 loss 0.0914
539.6s 52 Epoch 1 batch 900 loss 0.0632
560.4s 53 Epoch 1 batch 950 loss 0.0819
582.3s 54 Epoch 1 batch 1000 loss 0.0596
602.5s 55 Epoch 1 batch 1050 loss 0.0692
623.6s 56 Epoch 1 batch 1100 loss 0.0709
644.5s 57 Epoch 1 batch 1150 loss 0.0621
665.8s 58 Epoch 1 batch 1200 loss 0.0583
686.2s 59 Epoch 1 batch 1250 loss 0.0712
707.9s 60 Epoch 1 batch 1300 loss 0.0589
729.0s 61 Epoch 1 batch 1350 loss 0.0583
750.9s 62 Epoch 1 batch 1400 loss 0.0623
771.5s 63 Epoch 1 batch 1450 loss 0.0561
793.3s 64 Epoch 1 batch 1500 loss 0.0541
815.4s 65 Epoch 1 batch 1550 loss 0.0536
835.6s 66 Epoch 1 batch 1600 loss 0.0492
858.2s 67 Epoch 1 batch 1650 loss 0.0546
878.6s 68 Epoch 1 batch 1700 loss 0.0524
898.5s 69 Epoch 1 batch 1750 loss 0.0610
918.8s 70 Epoch 1 batch 1800 loss 0.0517
947.6s 71 Epoch 1 batch 1850 loss 0.0454
1004.8s 72 
1004.8s 73 Epoch 1/40  Train Loss: 0.3346  Val Loss: 0.0511  Val PCKh: 18.2%  (960s)
1004.8s 74 
1004.8s 75 ✓ New best model saved (PCKh=18.2%)
1007.8s 76 Epoch 2 batch 0 loss 0.0453
1031.0s 77 Epoch 2 batch 50 loss 0.0510
1053.9s 78 Epoch 2 batch 100 loss 0.0464
1078.6s 79 Epoch 2 batch 150 loss 0.0461
1104.9s 80 Epoch 2 batch 200 loss 0.0465
1124.8s 81 Epoch 2 batch 250 loss 0.0457
1144.5s 82 Epoch 2 batch 300 loss 0.0430
1166.2s 83 Epoch 2 batch 350 loss 0.0519
1186.0s 84 Epoch 2 batch 400 loss 0.0456
1206.2s 85 Epoch 2 batch 450 loss 0.0435
1225.5s 86 Epoch 2 batch 500 loss 0.0483
1246.2s 87 Epoch 2 batch 550 loss 0.0417
1266.0s 88 Epoch 2 batch 600 loss 0.0414
1285.7s 89 Epoch 2 batch 650 loss 0.0443
1305.8s 90 Epoch 2 batch 700 loss 0.0490
1325.9s 91 Epoch 2 batch 750 loss 0.0410
1345.0s 92 Epoch 2 batch 800 loss 0.0460
1364.2s 93 Epoch 2 batch 850 loss 0.0429
1385.4s 94 Epoch 2 batch 900 loss 0.0478
1407.9s 95 Epoch 2 batch 950 loss 0.0444
1431.5s 96 Epoch 2 batch 1000 loss 0.0412
1458.4s 97 Epoch 2 batch 1050 loss 0.0412
1479.4s 98 Epoch 2 batch 1100 loss 0.0446
1498.1s 99 Epoch 2 batch 1150 loss 0.0398
1517.6s 100 Epoch 2 batch 1200 loss 0.0468
1536.6s 101 Epoch 2 batch 1250 loss 0.0424
1556.0s 102 Epoch 2 batch 1300 loss 0.0435
1574.7s 103 Epoch 2 batch 1350 loss 0.0427
1593.6s 104 Epoch 2 batch 1400 loss 0.0404
1613.6s 105 Epoch 2 batch 1450 loss 0.0439
1633.4s 106 Epoch 2 batch 1500 loss 0.0416
1652.3s 107 Epoch 2 batch 1550 loss 0.0408
1671.4s 108 Epoch 2 batch 1600 loss 0.0417
1691.3s 109 Epoch 2 batch 1650 loss 0.0400
1713.5s 110 Epoch 2 batch 1700 loss 0.0406
1732.0s 111 Epoch 2 batch 1750 loss 0.0400
1752.1s 112 Epoch 2 batch 1800 loss 0.0392
1772.8s 113 Epoch 2 batch 1850 loss 0.0388
1804.4s 114 
1804.4s 115 Epoch 2/40  Train Loss: 0.0439  Val Loss: 0.0437  Val PCKh: 18.4%  (799s)
1804.4s 116 
1804.4s 117 ✓ New best model saved (PCKh=18.4%)
1807.8s 118 Epoch 3 batch 0 loss 0.0383
1837.1s 119 Epoch 3 batch 50 loss 0.0399
1875.1s 120 Epoch 3 batch 100 loss 0.0369
1897.2s 121 Epoch 3 batch 150 loss 0.0373
1917.6s 122 Epoch 3 batch 200 loss 0.0528
1940.0s 123 Epoch 3 batch 250 loss 0.0420
1960.3s 124 Epoch 3 batch 300 loss 0.0374
1980.3s 125 Epoch 3 batch 350 loss 0.0381
2000.2s 126 Epoch 3 batch 400 loss 0.0426
2019.1s 127 Epoch 3 batch 450 loss 0.0379
2040.6s 128 Epoch 3 batch 500 loss 0.0368
2060.1s 129 Epoch 3 batch 550 loss 0.0401
2082.3s 130 Epoch 3 batch 600 loss 0.0399
2102.4s 131 Epoch 3 batch 650 loss 0.0364
2121.5s 132 Epoch 3 batch 700 loss 0.0398
2143.8s 133 Epoch 3 batch 750 loss 0.0379
2163.8s 134 Epoch 3 batch 800 loss 0.0361
2184.4s 135 Epoch 3 batch 850 loss 0.0343
2212.0s 136 Epoch 3 batch 900 loss 0.0358
2233.6s 137 Epoch 3 batch 950 loss 0.0365
2251.8s 138 Epoch 3 batch 1000 loss 0.0405
2270.8s 139 Epoch 3 batch 1050 loss 0.0385
2290.0s 140 Epoch 3 batch 1100 loss 0.0383
2309.2s 141 Epoch 3 batch 1150 loss 0.0404
2329.1s 142 Epoch 3 batch 1200 loss 0.0396
2348.6s 143 Epoch 3 batch 1250 loss 0.0370
2368.1s 144 Epoch 3 batch 1300 loss 0.0376
2387.6s 145 Epoch 3 batch 1350 loss 0.0361
2407.3s 146 Epoch 3 batch 1400 loss 0.0368
2426.8s 147 Epoch 3 batch 1450 loss 0.0366
2446.7s 148 Epoch 3 batch 1500 loss 0.0364
2466.5s 149 Epoch 3 batch 1550 loss 0.0343
2486.2s 150 Epoch 3 batch 1600 loss 0.0347
2506.2s 151 Epoch 3 batch 1650 loss 0.0373
2526.2s 152 Epoch 3 batch 1700 loss 0.0352
2545.9s 153 Epoch 3 batch 1750 loss 0.0372
2568.5s 154 Epoch 3 batch 1800 loss 0.0353
2587.6s 155 Epoch 3 batch 1850 loss 0.0361
2615.2s 156 
2615.2s 157 Epoch 3/40  Train Loss: 0.0385  Val Loss: 0.0427  Val PCKh: 18.7%  (811s)
2615.2s 158 
2615.2s 159 ✓ New best model saved (PCKh=18.7%)
2617.3s 160 Epoch 4 batch 0 loss 0.0363
2637.5s 161 Epoch 4 batch 50 loss 0.0375
2657.2s 162 Epoch 4 batch 100 loss 0.0375
2676.8s 163 Epoch 4 batch 150 loss 0.0357
2697.0s 164 Epoch 4 batch 200 loss 0.0395
2719.2s 165 Epoch 4 batch 250 loss 0.0427
2739.8s 166 Epoch 4 batch 300 loss 0.0373
2764.3s 167 Epoch 4 batch 350 loss 0.0370
2787.2s 168 Epoch 4 batch 400 loss 0.0382
2809.7s 169 Epoch 4 batch 450 loss 0.0345
2837.5s 170 Epoch 4 batch 500 loss 0.0350
2862.3s 171 Epoch 4 batch 550 loss 0.0373
2885.0s 172 Epoch 4 batch 600 loss 0.0340
2907.4s 173 Epoch 4 batch 650 loss 0.0384
2928.8s 174 Epoch 4 batch 700 loss 0.0376
2955.2s 175 Epoch 4 batch 750 loss 0.0353
2975.8s 176 Epoch 4 batch 800 loss 0.0367
2995.2s 177 Epoch 4 batch 850 loss 0.0352
3014.0s 178 Epoch 4 batch 900 loss 0.0386
3033.6s 179 Epoch 4 batch 950 loss 0.0400
3053.1s 180 Epoch 4 batch 1000 loss 0.0391
3072.7s 181 Epoch 4 batch 1050 loss 0.0352
3092.9s 182 Epoch 4 batch 1100 loss 0.0336
3112.5s 183 Epoch 4 batch 1150 loss 0.0351
3132.8s 184 Epoch 4 batch 1200 loss 0.0336
3155.2s 185 Epoch 4 batch 1250 loss 0.0364
3174.4s 186 Epoch 4 batch 1300 loss 0.0400
3193.4s 187 Epoch 4 batch 1350 loss 0.0364
3212.2s 188 Epoch 4 batch 1400 loss 0.0362
3231.3s 189 Epoch 4 batch 1450 loss 0.0360
3250.4s 190 Epoch 4 batch 1500 loss 0.0360
3269.2s 191 Epoch 4 batch 1550 loss 0.0338
3288.4s 192 Epoch 4 batch 1600 loss 0.0322
3306.9s 193 Epoch 4 batch 1650 loss 0.0365
3326.4s 194 Epoch 4 batch 1700 loss 0.0389
3344.7s 195 Epoch 4 batch 1750 loss 0.0439
3363.5s 196 Epoch 4 batch 1800 loss 0.0366
3384.6s 197 Epoch 4 batch 1850 loss 0.0361
3411.2s 198 
3411.2s 199 Epoch 4/40  Train Loss: 0.0378  Val Loss: 0.0413  Val PCKh: 17.9%  (796s)
3411.2s 200 
3413.4s 201 Epoch 5 batch 0 loss 0.0364
3432.4s 202 Epoch 5 batch 50 loss 0.0344
3452.9s 203 Epoch 5 batch 100 loss 0.0354
3471.9s 204 Epoch 5 batch 150 loss 0.0374
3491.8s 205 Epoch 5 batch 200 loss 0.0369
3511.8s 206 Epoch 5 batch 250 loss 0.0348
3531.4s 207 Epoch 5 batch 300 loss 0.0369
3550.3s 208 Epoch 5 batch 350 loss 0.0366
3570.9s 209 Epoch 5 batch 400 loss 0.0361
3590.1s 210 Epoch 5 batch 450 loss 0.0372
3608.9s 211 Epoch 5 batch 500 loss 0.0380
3627.6s 212 Epoch 5 batch 550 loss 0.0357
3646.9s 213 Epoch 5 batch 600 loss 0.0366
3666.3s 214 Epoch 5 batch 650 loss 0.0355
3685.6s 215 Epoch 5 batch 700 loss 0.0375
3705.4s 216 Epoch 5 batch 750 loss 0.0326
3725.0s 217 Epoch 5 batch 800 loss 0.0356
3744.6s 218 Epoch 5 batch 850 loss 0.0367
3763.9s 219 Epoch 5 batch 900 loss 0.0343
3783.6s 220 Epoch 5 batch 950 loss 0.0363
3802.3s 221 Epoch 5 batch 1000 loss 0.0335
3821.7s 222 Epoch 5 batch 1050 loss 0.0333
3840.9s 223 Epoch 5 batch 1100 loss 0.0352
3860.3s 224 Epoch 5 batch 1150 loss 0.0359
3879.9s 225 Epoch 5 batch 1200 loss 0.0341
3898.9s 226 Epoch 5 batch 1250 loss 0.0364
3918.8s 227 Epoch 5 batch 1300 loss 0.0359
3939.2s 228 Epoch 5 batch 1350 loss 0.0350
3958.5s 229 Epoch 5 batch 1400 loss 0.0357
3977.2s 230 Epoch 5 batch 1450 loss 0.0340
3996.2s 231 Epoch 5 batch 1500 loss 0.0369
4016.2s 232 Epoch 5 batch 1550 loss 0.0356
4037.7s 233 Epoch 5 batch 1600 loss 0.0327
4057.5s 234 Epoch 5 batch 1650 loss 0.0379
4077.4s 235 Epoch 5 batch 1700 loss 0.0336
4095.7s 236 Epoch 5 batch 1750 loss 0.0343
4115.8s 237 Epoch 5 batch 1800 loss 0.0351
4146.7s 238 Epoch 5 batch 1850 loss 0.0334
4176.4s 239 
4176.4s 240 Epoch 5/40  Train Loss: 0.0354  Val Loss: 0.0406  Val PCKh: 17.6%  (765s)
4176.4s 241 
4178.9s 242 Epoch 6 batch 0 loss 0.0347
4199.2s 243 Epoch 6 batch 50 loss 0.0343
4218.4s 244 Epoch 6 batch 100 loss 0.0351
4236.6s 245 Epoch 6 batch 150 loss 0.0348
4255.9s 246 Epoch 6 batch 200 loss 0.0356
4274.6s 247 Epoch 6 batch 250 loss 0.0322
4293.6s 248 Epoch 6 batch 300 loss 0.0353
4314.4s 249 Epoch 6 batch 350 loss 0.0344
4335.4s 250 Epoch 6 batch 400 loss 0.0337
4355.3s 251 Epoch 6 batch 450 loss 0.0347
4377.9s 252 Epoch 6 batch 500 loss 0.0351
4397.4s 253 Epoch 6 batch 550 loss 0.0340
4417.4s 254 Epoch 6 batch 600 loss 0.0361
4437.0s 255 Epoch 6 batch 650 loss 0.0353
4456.0s 256 Epoch 6 batch 700 loss 0.0353
4475.9s 257 Epoch 6 batch 750 loss 0.0342
4495.5s 258 Epoch 6 batch 800 loss 0.0335
4515.8s 259 Epoch 6 batch 850 loss 0.0321
4535.1s 260 Epoch 6 batch 900 loss 0.0343
4554.5s 261 Epoch 6 batch 950 loss 0.0343
4575.5s 262 Epoch 6 batch 1000 loss 0.0334
4594.3s 263 Epoch 6 batch 1050 loss 0.0369
4613.1s 264 Epoch 6 batch 1100 loss 0.0347
4633.1s 265 Epoch 6 batch 1150 loss 0.0337
4652.4s 266 Epoch 6 batch 1200 loss 0.0352
4673.0s 267 Epoch 6 batch 1250 loss 0.0345
4696.5s 268 Epoch 6 batch 1300 loss 0.0366
4720.4s 269 Epoch 6 batch 1350 loss 0.0346
4739.8s 270 Epoch 6 batch 1400 loss 0.0344
4759.7s 271 Epoch 6 batch 1450 loss 0.0353
4778.7s 272 Epoch 6 batch 1500 loss 0.0334
4798.9s 273 Epoch 6 batch 1550 loss 0.0330
4818.4s 274 Epoch 6 batch 1600 loss 0.0336
4837.3s 275 Epoch 6 batch 1650 loss 0.0335
4856.8s 276 Epoch 6 batch 1700 loss 0.0316
4877.5s 277 Epoch 6 batch 1750 loss 0.0341
4897.1s 278 Epoch 6 batch 1800 loss 0.0329
4916.6s 279 Epoch 6 batch 1850 loss 0.0356
4951.0s 280 
4951.0s 281 Epoch 6/40  Train Loss: 0.0345  Val Loss: 0.0404  Val PCKh: 17.7%  (774s)
4951.0s 282 
4953.3s 283 Epoch 7 batch 0 loss 0.0329
4974.4s 284 Epoch 7 batch 50 loss 0.0342
4997.5s 285 Epoch 7 batch 100 loss 0.0331
5016.4s 286 Epoch 7 batch 150 loss 0.0344
5036.4s 287 Epoch 7 batch 200 loss 0.0349
5056.8s 288 Epoch 7 batch 250 loss 0.0366
5078.7s 289 Epoch 7 batch 300 loss 0.0346
5100.0s 290 Epoch 7 batch 350 loss 0.0335
5120.0s 291 Epoch 7 batch 400 loss 0.0312
5146.7s 292 Epoch 7 batch 450 loss 0.0356
5168.6s 293 Epoch 7 batch 500 loss 0.0346
5188.4s 294 Epoch 7 batch 550 loss 0.0349
5210.0s 295 Epoch 7 batch 600 loss 0.0322
5231.8s 296 Epoch 7 batch 650 loss 0.0351
5251.9s 297 Epoch 7 batch 700 loss 0.0345
5270.7s 298 Epoch 7 batch 750 loss 0.0330
5291.2s 299 Epoch 7 batch 800 loss 0.0339
5311.1s 300 Epoch 7 batch 850 loss 0.0341
5330.1s 301 Epoch 7 batch 900 loss 0.0350
5350.0s 302 Epoch 7 batch 950 loss 0.0327
5378.1s 303 Epoch 7 batch 1000 loss 0.0357
5416.2s 304 Epoch 7 batch 1050 loss 0.0352
5450.0s 305 Epoch 7 batch 1100 loss 0.0342
5488.4s 306 Epoch 7 batch 1150 loss 0.0346
5510.2s 307 Epoch 7 batch 1200 loss 0.0348
5533.4s 308 Epoch 7 batch 1250 loss 0.0332
5557.3s 309 Epoch 7 batch 1300 loss 0.0322
5588.7s 310 Epoch 7 batch 1350 loss 0.0342
5613.7s 311 Epoch 7 batch 1400 loss 0.0344
5636.4s 312 Epoch 7 batch 1450 loss 0.0318
5658.0s 313 Epoch 7 batch 1500 loss 0.0332
5680.4s 314 Epoch 7 batch 1550 loss 0.0330
5703.6s 315 Epoch 7 batch 1600 loss 0.0336
5724.0s 316 Epoch 7 batch 1650 loss 0.0334
5745.6s 317 Epoch 7 batch 1700 loss 0.0321
5770.4s 318 Epoch 7 batch 1750 loss 0.0334
5791.3s 319 Epoch 7 batch 1800 loss 0.0346
5816.5s 320 Epoch 7 batch 1850 loss 0.0347
5843.1s 321 
5843.1s 322 Epoch 7/40  Train Loss: 0.0338  Val Loss: 0.0400  Val PCKh: 18.4%  (892s)
5843.1s 323 
5845.0s 324 Epoch 8 batch 0 loss 0.0351
5866.8s 325 Epoch 8 batch 50 loss 0.0342
5887.7s 326 Epoch 8 batch 100 loss 0.0337
5907.1s 327 Epoch 8 batch 150 loss 0.0340
5926.3s 328 Epoch 8 batch 200 loss 0.0343
5945.6s 329 Epoch 8 batch 250 loss 0.0310
5965.5s 330 Epoch 8 batch 300 loss 0.0320
5985.3s 331 Epoch 8 batch 350 loss 0.0328
6005.4s 332 Epoch 8 batch 400 loss 0.0329
6028.4s 333 Epoch 8 batch 450 loss 0.0343
6047.8s 334 Epoch 8 batch 500 loss 0.0348
6067.6s 335 Epoch 8 batch 550 loss 0.0348
6086.8s 336 Epoch 8 batch 600 loss 0.0348
6106.2s 337 Epoch 8 batch 650 loss 0.0312
6126.5s 338 Epoch 8 batch 700 loss 0.0346
6145.9s 339 Epoch 8 batch 750 loss 0.0316
6164.9s 340 Epoch 8 batch 800 loss 0.0333
6185.1s 341 Epoch 8 batch 850 loss 0.0337
6205.8s 342 Epoch 8 batch 900 loss 0.0331
6227.9s 343 Epoch 8 batch 950 loss 0.0337
6250.2s 344 Epoch 8 batch 1000 loss 0.0344
6273.8s 345 Epoch 8 batch 1050 loss 0.0351
6295.5s 346 Epoch 8 batch 1100 loss 0.0332
6319.7s 347 Epoch 8 batch 1150 loss 0.0337
6339.6s 348 Epoch 8 batch 1200 loss 0.0315
6359.6s 349 Epoch 8 batch 1250 loss 0.0332
6380.1s 350 Epoch 8 batch 1300 loss 0.0345
6400.2s 351 Epoch 8 batch 1350 loss 0.0355
6421.8s 352 Epoch 8 batch 1400 loss 0.0323
6442.9s 353 Epoch 8 batch 1450 loss 0.0344
6463.7s 354 Epoch 8 batch 1500 loss 0.0346
6484.2s 355 Epoch 8 batch 1550 loss 0.0336
6505.7s 356 Epoch 8 batch 1600 loss 0.0343
6530.6s 357 Epoch 8 batch 1650 loss 0.0331
6555.7s 358 Epoch 8 batch 1700 loss 0.0326
6581.1s 359 Epoch 8 batch 1750 loss 0.0340
6600.7s 360 Epoch 8 batch 1800 loss 0.0352
6620.3s 361 Epoch 8 batch 1850 loss 0.0339
6645.3s 362 
6645.3s 363 Epoch 8/40  Train Loss: 0.0334  Val Loss: 0.0399  Val PCKh: 19.5%  (802s)
6645.3s 364 
6645.3s 365 ✓ New best model saved (PCKh=19.5%)
6647.5s 366 Epoch 9 batch 0 loss 0.0315
6667.7s 367 Epoch 9 batch 50 loss 0.0329
6687.1s 368 Epoch 9 batch 100 loss 0.0310
6706.8s 369 Epoch 9 batch 150 loss 0.0334
6726.1s 370 Epoch 9 batch 200 loss 0.0329
6745.6s 371 Epoch 9 batch 250 loss 0.0336
6765.0s 372 Epoch 9 batch 300 loss 0.0328
6783.7s 373 Epoch 9 batch 350 loss 0.0329
6802.4s 374 Epoch 9 batch 400 loss 0.0347
6822.4s 375 Epoch 9 batch 450 loss 0.0319
6842.1s 376 Epoch 9 batch 500 loss 0.0329
6861.9s 377 Epoch 9 batch 550 loss 0.0332
6882.7s 378 Epoch 9 batch 600 loss 0.0334
6902.6s 379 Epoch 9 batch 650 loss 0.0335
6923.4s 380 Epoch 9 batch 700 loss 0.0349
6943.6s 381 Epoch 9 batch 750 loss 0.0324
6962.7s 382 Epoch 9 batch 800 loss 0.0309
6981.5s 383 Epoch 9 batch 850 loss 0.0350
6999.8s 384 Epoch 9 batch 900 loss 0.0319
7018.9s 385 Epoch 9 batch 950 loss 0.0318
7038.4s 386 Epoch 9 batch 1000 loss 0.0317
7058.2s 387 Epoch 9 batch 1050 loss 0.0309
7076.7s 388 Epoch 9 batch 1100 loss 0.0329
7096.4s 389 Epoch 9 batch 1150 loss 0.0342
7115.1s 390 Epoch 9 batch 1200 loss 0.0329
7135.9s 391 Epoch 9 batch 1250 loss 0.0355
7155.4s 392 Epoch 9 batch 1300 loss 0.0323
7174.7s 393 Epoch 9 batch 1350 loss 0.0319
7193.7s 394 Epoch 9 batch 1400 loss 0.0341
7213.5s 395 Epoch 9 batch 1450 loss 0.0347
7232.4s 396 Epoch 9 batch 1500 loss 0.0313
7250.9s 397 Epoch 9 batch 1550 loss 0.0351
7272.0s 398 Epoch 9 batch 1600 loss 0.0328
7291.0s 399 Epoch 9 batch 1650 loss 0.0324
7310.2s 400 Epoch 9 batch 1700 loss 0.0352
7330.2s 401 Epoch 9 batch 1750 loss 0.0311
7350.7s 402 Epoch 9 batch 1800 loss 0.0310
7369.8s 403 Epoch 9 batch 1850 loss 0.0321
7399.7s 404 
7399.7s 405 Epoch 9/40  Train Loss: 0.0330  Val Loss: 0.0397  Val PCKh: 21.8%  (754s)
7399.7s 406 
7399.7s 407 ✓ New best model saved (PCKh=21.8%)
7402.0s 408 Epoch 10 batch 0 loss 0.0320
7420.3s 409 Epoch 10 batch 50 loss 0.0340
7440.3s 410 Epoch 10 batch 100 loss 0.0318
7459.5s 411 Epoch 10 batch 150 loss 0.0357
7478.8s 412 Epoch 10 batch 200 loss 0.0321
7499.2s 413 Epoch 10 batch 250 loss 0.0328
7519.6s 414 Epoch 10 batch 300 loss 0.0348
7538.3s 415 Epoch 10 batch 350 loss 0.0319
7557.3s 416 Epoch 10 batch 400 loss 0.0329
7576.0s 417 Epoch 10 batch 450 loss 0.0336
7595.6s 418 Epoch 10 batch 500 loss 0.0320
7616.7s 419 Epoch 10 batch 550 loss 0.0302
7637.4s 420 Epoch 10 batch 600 loss 0.0336
7656.8s 421 Epoch 10 batch 650 loss 0.0344
7677.7s 422 Epoch 10 batch 700 loss 0.0334
7696.4s 423 Epoch 10 batch 750 loss 0.0309
7715.5s 424 Epoch 10 batch 800 loss 0.0321
7734.0s 425 Epoch 10 batch 850 loss 0.0348
7753.4s 426 Epoch 10 batch 900 loss 0.0312
7771.8s 427 Epoch 10 batch 950 loss 0.0334
7792.2s 428 Epoch 10 batch 1000 loss 0.0305
7812.3s 429 Epoch 10 batch 1050 loss 0.0301
7833.1s 430 Epoch 10 batch 1100 loss 0.0338
7854.5s 431 Epoch 10 batch 1150 loss 0.0351
7875.3s 432 Epoch 10 batch 1200 loss 0.0340
7895.0s 433 Epoch 10 batch 1250 loss 0.0337
7916.2s 434 Epoch 10 batch 1300 loss 0.0302
7936.1s 435 Epoch 10 batch 1350 loss 0.0317
7955.7s 436 Epoch 10 batch 1400 loss 0.0332
7976.8s 437 Epoch 10 batch 1450 loss 0.0309
7996.5s 438 Epoch 10 batch 1500 loss 0.0330
8016.5s 439 Epoch 10 batch 1550 loss 0.0335
8036.2s 440 Epoch 10 batch 1600 loss 0.0331
8056.7s 441 Epoch 10 batch 1650 loss 0.0321
8076.6s 442 Epoch 10 batch 1700 loss 0.0317
8098.6s 443 Epoch 10 batch 1750 loss 0.0331
8121.2s 444 Epoch 10 batch 1800 loss 0.0337
8138.9s 445 Epoch 10 batch 1850 loss 0.0318
8167.0s 446 
8167.0s 447 Epoch 10/40  Train Loss: 0.0327  Val Loss: 0.0396  Val PCKh: 25.2%  (767s)
8167.0s 448 
8167.0s 449 ✓ New best model saved (PCKh=25.2%)
8170.3s 450 Epoch 11 batch 0 loss 0.0339
8190.9s 451 Epoch 11 batch 50 loss 0.0310
8214.1s 452 Epoch 11 batch 100 loss 0.0328
8233.4s 453 Epoch 11 batch 150 loss 0.0330
8261.1s 454 Epoch 11 batch 200 loss 0.0314
8284.4s 455 Epoch 11 batch 250 loss 0.0347
8306.6s 456 Epoch 11 batch 300 loss 0.0312
8329.4s 457 Epoch 11 batch 350 loss 0.0312
8352.9s 458 Epoch 11 batch 400 loss 0.0314
8376.8s 459 Epoch 11 batch 450 loss 0.0335
8399.8s 460 Epoch 11 batch 500 loss 0.0328
8421.9s 461 Epoch 11 batch 550 loss 0.0346
8445.5s 462 Epoch 11 batch 600 loss 0.0325
8466.0s 463 Epoch 11 batch 650 loss 0.0304
8488.8s 464 Epoch 11 batch 700 loss 0.0313
8512.1s 465 Epoch 11 batch 750 loss 0.0317
8536.7s 466 Epoch 11 batch 800 loss 0.0326
8560.0s 467 Epoch 11 batch 850 loss 0.0307
8583.2s 468 Epoch 11 batch 900 loss 0.0330
8607.1s 469 Epoch 11 batch 950 loss 0.0316
8630.2s 470 Epoch 11 batch 1000 loss 0.0333
8651.9s 471 Epoch 11 batch 1050 loss 0.0317
8676.5s 472 Epoch 11 batch 1100 loss 0.0318
8700.2s 473 Epoch 11 batch 1150 loss 0.0320
8726.8s 474 Epoch 11 batch 1200 loss 0.0332
8750.5s 475 Epoch 11 batch 1250 loss 0.0320
8776.7s 476 Epoch 11 batch 1300 loss 0.0329
8800.8s 477 Epoch 11 batch 1350 loss 0.0325
8822.0s 478 Epoch 11 batch 1400 loss 0.0303
8843.8s 479 Epoch 11 batch 1450 loss 0.0328
8865.1s 480 Epoch 11 batch 1500 loss 0.0336
8886.6s 481 Epoch 11 batch 1550 loss 0.0305
8908.5s 482 Epoch 11 batch 1600 loss 0.0296
8930.2s 483 Epoch 11 batch 1650 loss 0.0322
8949.8s 484 Epoch 11 batch 1700 loss 0.0334
8970.7s 485 Epoch 11 batch 1750 loss 0.0339
8990.9s 486 Epoch 11 batch 1800 loss 0.0311
9012.1s 487 Epoch 11 batch 1850 loss 0.0343
9042.7s 488 
9042.7s 489 Epoch 11/40  Train Loss: 0.0323  Val Loss: 0.0395  Val PCKh: 26.7%  (876s)
9042.7s 490 
9042.7s 491 ✓ New best model saved (PCKh=26.7%)
9044.9s 492 Epoch 12 batch 0 loss 0.0309
9065.9s 493 Epoch 12 batch 50 loss 0.0346
9089.7s 494 Epoch 12 batch 100 loss 0.0318
9110.0s 495 Epoch 12 batch 150 loss 0.0318
9134.0s 496 Epoch 12 batch 200 loss 0.0311
9156.7s 497 Epoch 12 batch 250 loss 0.0320
9181.0s 498 Epoch 12 batch 300 loss 0.0315
9201.8s 499 Epoch 12 batch 350 loss 0.0318
9221.8s 500 Epoch 12 batch 400 loss 0.0321
9245.1s 501 Epoch 12 batch 450 loss 0.0352
9269.6s 502 Epoch 12 batch 500 loss 0.0327
9289.7s 503 Epoch 12 batch 550 loss 0.0311
9310.0s 504 Epoch 12 batch 600 loss 0.0320
9330.0s 505 Epoch 12 batch 650 loss 0.0322
9348.9s 506 Epoch 12 batch 700 loss 0.0318
9369.0s 507 Epoch 12 batch 750 loss 0.0310
9389.1s 508 Epoch 12 batch 800 loss 0.0325
9408.3s 509 Epoch 12 batch 850 loss 0.0306
9427.0s 510 Epoch 12 batch 900 loss 0.0315
9446.4s 511 Epoch 12 batch 950 loss 0.0337
9464.9s 512 Epoch 12 batch 1000 loss 0.0307
9483.4s 513 Epoch 12 batch 1050 loss 0.0299
9503.1s 514 Epoch 12 batch 1100 loss 0.0338
9522.5s 515 Epoch 12 batch 1150 loss 0.0322
9541.4s 516 Epoch 12 batch 1200 loss 0.0325
9561.2s 517 Epoch 12 batch 1250 loss 0.0319
9582.6s 518 Epoch 12 batch 1300 loss 0.0310
9601.9s 519 Epoch 12 batch 1350 loss 0.0318
9621.8s 520 Epoch 12 batch 1400 loss 0.0321
9642.2s 521 Epoch 12 batch 1450 loss 0.0318
9663.7s 522 Epoch 12 batch 1500 loss 0.0327
9683.3s 523 Epoch 12 batch 1550 loss 0.0325
9703.7s 524 Epoch 12 batch 1600 loss 0.0314
9724.6s 525 Epoch 12 batch 1650 loss 0.0318
9745.5s 526 Epoch 12 batch 1700 loss 0.0314
9767.5s 527 Epoch 12 batch 1750 loss 0.0338
9789.2s 528 Epoch 12 batch 1800 loss 0.0306
9815.0s 529 Epoch 12 batch 1850 loss 0.0319
9846.9s 530 
9846.9s 531 Epoch 12/40  Train Loss: 0.0320  Val Loss: 0.0394  Val PCKh: 28.7%  (804s)
9846.9s 532 
9846.9s 533 ✓ New best model saved (PCKh=28.7%)
9849.2s 534 Epoch 13 batch 0 loss 0.0334
9872.7s 535 Epoch 13 batch 50 loss 0.0320
9895.4s 536 Epoch 13 batch 100 loss 0.0332
9917.1s 537 Epoch 13 batch 150 loss 0.0298
9939.6s 538 Epoch 13 batch 200 loss 0.0329
9960.7s 539 Epoch 13 batch 250 loss 0.0303
9981.8s 540 Epoch 13 batch 300 loss 0.0318
10002.8s 541 Epoch 13 batch 350 loss 0.0331
10024.1s 542 Epoch 13 batch 400 loss 0.0327
10044.7s 543 Epoch 13 batch 450 loss 0.0322
10067.3s 544 Epoch 13 batch 500 loss 0.0302
10093.2s 545 Epoch 13 batch 550 loss 0.0322
10116.9s 546 Epoch 13 batch 600 loss 0.0303
10138.4s 547 Epoch 13 batch 650 loss 0.0322
10158.7s 548 Epoch 13 batch 700 loss 0.0344
10179.7s 549 Epoch 13 batch 750 loss 0.0322
10200.2s 550 Epoch 13 batch 800 loss 0.0323
10222.0s 551 Epoch 13 batch 850 loss 0.0298
10243.5s 552 Epoch 13 batch 900 loss 0.0344
10265.0s 553 Epoch 13 batch 950 loss 0.0322
10285.9s 554 Epoch 13 batch 1000 loss 0.0345
10307.4s 555 Epoch 13 batch 1050 loss 0.0329
10328.6s 556 Epoch 13 batch 1100 loss 0.0327
10349.7s 557 Epoch 13 batch 1150 loss 0.0298
10371.2s 558 Epoch 13 batch 1200 loss 0.0315
10392.8s 559 Epoch 13 batch 1250 loss 0.0332
10414.7s 560 Epoch 13 batch 1300 loss 0.0333
10438.2s 561 Epoch 13 batch 1350 loss 0.0300
10461.9s 562 Epoch 13 batch 1400 loss 0.0338
10488.9s 563 Epoch 13 batch 1450 loss 0.0333
10514.7s 564 Epoch 13 batch 1500 loss 0.0324
10539.4s 565 Epoch 13 batch 1550 loss 0.0303
10562.9s 566 Epoch 13 batch 1600 loss 0.0318
10586.2s 567 Epoch 13 batch 1650 loss 0.0314
10608.4s 568 Epoch 13 batch 1700 loss 0.0303
10632.6s 569 Epoch 13 batch 1750 loss 0.0317
10655.4s 570 Epoch 13 batch 1800 loss 0.0340
10679.0s 571 Epoch 13 batch 1850 loss 0.0323
10709.3s 572 
10709.3s 573 Epoch 13/40  Train Loss: 0.0318  Val Loss: 0.0392  Val PCKh: 31.9%  (862s)
10709.3s 574 
10709.3s 575 ✓ New best model saved (PCKh=31.9%)
10711.6s 576 Epoch 14 batch 0 loss 0.0312
10733.8s 577 Epoch 14 batch 50 loss 0.0336
10756.9s 578 Epoch 14 batch 100 loss 0.0331
10785.3s 579 Epoch 14 batch 150 loss 0.0304
10808.1s 580 Epoch 14 batch 200 loss 0.0334
10828.6s 581 Epoch 14 batch 250 loss 0.0321
10850.9s 582 Epoch 14 batch 300 loss 0.0290
10873.2s 583 Epoch 14 batch 350 loss 0.0319
10896.6s 584 Epoch 14 batch 400 loss 0.0297
10923.1s 585 Epoch 14 batch 450 loss 0.0309
10950.4s 586 Epoch 14 batch 500 loss 0.0331
10974.0s 587 Epoch 14 batch 550 loss 0.0293
10995.8s 588 Epoch 14 batch 600 loss 0.0319
11018.1s 589 Epoch 14 batch 650 loss 0.0311
11041.3s 590 Epoch 14 batch 700 loss 0.0339
11063.6s 591 Epoch 14 batch 750 loss 0.0303
11084.6s 592 Epoch 14 batch 800 loss 0.0320
11107.3s 593 Epoch 14 batch 850 loss 0.0304
11128.6s 594 Epoch 14 batch 900 loss 0.0303
11149.9s 595 Epoch 14 batch 950 loss 0.0294
11171.3s 596 Epoch 14 batch 1000 loss 0.0294
11193.2s 597 Epoch 14 batch 1050 loss 0.0314
11214.1s 598 Epoch 14 batch 1100 loss 0.0303
11236.5s 599 Epoch 14 batch 1150 loss 0.0299
11259.6s 600 Epoch 14 batch 1200 loss 0.0329
11282.9s 601 Epoch 14 batch 1250 loss 0.0324
11305.0s 602 Epoch 14 batch 1300 loss 0.0312
11328.1s 603 Epoch 14 batch 1350 loss 0.0317
11351.3s 604 Epoch 14 batch 1400 loss 0.0321
11370.1s 605 Epoch 14 batch 1450 loss 0.0290
11389.8s 606 Epoch 14 batch 1500 loss 0.0320
11410.1s 607 Epoch 14 batch 1550 loss 0.0294
11431.8s 608 Epoch 14 batch 1600 loss 0.0307
11452.5s 609 Epoch 14 batch 1650 loss 0.0311
11472.3s 610 Epoch 14 batch 1700 loss 0.0298
11492.9s 611 Epoch 14 batch 1750 loss 0.0296
11513.2s 612 Epoch 14 batch 1800 loss 0.0314
11531.9s 613 Epoch 14 batch 1850 loss 0.0327
11557.1s 614 
11557.1s 615 Epoch 14/40  Train Loss: 0.0315  Val Loss: 0.0392  Val PCKh: 34.5%  (848s)
11557.1s 616 
11557.1s 617 ✓ New best model saved (PCKh=34.5%)
11559.1s 618 Epoch 15 batch 0 loss 0.0335
11578.7s 619 Epoch 15 batch 50 loss 0.0309
11599.6s 620 Epoch 15 batch 100 loss 0.0299
11620.7s 621 Epoch 15 batch 150 loss 0.0314
11639.7s 622 Epoch 15 batch 200 loss 0.0304
11658.5s 623 Epoch 15 batch 250 loss 0.0294
11676.4s 624 Epoch 15 batch 300 loss 0.0322
11695.0s 625 Epoch 15 batch 350 loss 0.0344
11713.9s 626 Epoch 15 batch 400 loss 0.0322
11733.2s 627 Epoch 15 batch 450 loss 0.0330
11752.1s 628 Epoch 15 batch 500 loss 0.0317
11771.5s 629 Epoch 15 batch 550 loss 0.0295
11789.9s 630 Epoch 15 batch 600 loss 0.0313
11808.8s 631 Epoch 15 batch 650 loss 0.0306
11826.8s 632 Epoch 15 batch 700 loss 0.0304
11846.1s 633 Epoch 15 batch 750 loss 0.0301
11865.0s 634 Epoch 15 batch 800 loss 0.0313
11886.3s 635 Epoch 15 batch 850 loss 0.0301
11905.3s 636 Epoch 15 batch 900 loss 0.0315
11924.0s 637 Epoch 15 batch 950 loss 0.0329
11943.7s 638 Epoch 15 batch 1000 loss 0.0320
11962.5s 639 Epoch 15 batch 1050 loss 0.0319
11982.3s 640 Epoch 15 batch 1100 loss 0.0308
12001.6s 641 Epoch 15 batch 1150 loss 0.0320
12021.1s 642 Epoch 15 batch 1200 loss 0.0312
12040.2s 643 Epoch 15 batch 1250 loss 0.0308
12058.5s 644 Epoch 15 batch 1300 loss 0.0325
12078.0s 645 Epoch 15 batch 1350 loss 0.0315
12099.5s 646 Epoch 15 batch 1400 loss 0.0305
12117.9s 647 Epoch 15 batch 1450 loss 0.0329
12136.8s 648 Epoch 15 batch 1500 loss 0.0290
12156.3s 649 Epoch 15 batch 1550 loss 0.0302
12174.3s 650 Epoch 15 batch 1600 loss 0.0312
12193.1s 651 Epoch 15 batch 1650 loss 0.0315
12212.2s 652 Epoch 15 batch 1700 loss 0.0310
12231.3s 653 Epoch 15 batch 1750 loss 0.0309
12250.0s 654 Epoch 15 batch 1800 loss 0.0318
12269.1s 655 Epoch 15 batch 1850 loss 0.0303
12295.6s 656 
12295.6s 657 Epoch 15/40  Train Loss: 0.0313  Val Loss: 0.0391  Val PCKh: 36.7%  (738s)
12295.6s 658 
12295.6s 659 ✓ New best model saved (PCKh=36.7%)
12297.6s 660 Epoch 16 batch 0 loss 0.0297
12316.4s 661 Epoch 16 batch 50 loss 0.0310
12337.6s 662 Epoch 16 batch 100 loss 0.0307
12358.4s 663 Epoch 16 batch 150 loss 0.0296
12378.1s 664 Epoch 16 batch 200 loss 0.0296
12397.5s 665 Epoch 16 batch 250 loss 0.0319
12416.7s 666 Epoch 16 batch 300 loss 0.0305
12436.1s 667 Epoch 16 batch 350 loss 0.0319
12455.0s 668 Epoch 16 batch 400 loss 0.0310
12474.3s 669 Epoch 16 batch 450 loss 0.0307
12493.9s 670 Epoch 16 batch 500 loss 0.0297
12513.9s 671 Epoch 16 batch 550 loss 0.0318
12533.2s 672 Epoch 16 batch 600 loss 0.0303
12552.9s 673 Epoch 16 batch 650 loss 0.0312
12571.6s 674 Epoch 16 batch 700 loss 0.0304
12592.1s 675 Epoch 16 batch 750 loss 0.0319
12611.8s 676 Epoch 16 batch 800 loss 0.0300
12633.7s 677 Epoch 16 batch 850 loss 0.0326
12654.3s 678 Epoch 16 batch 900 loss 0.0305
12674.3s 679 Epoch 16 batch 950 loss 0.0322
12694.2s 680 Epoch 16 batch 1000 loss 0.0338
12716.3s 681 Epoch 16 batch 1050 loss 0.0318
12737.8s 682 Epoch 16 batch 1100 loss 0.0288
12758.6s 683 Epoch 16 batch 1150 loss 0.0317
12780.4s 684 Epoch 16 batch 1200 loss 0.0315
12799.9s 685 Epoch 16 batch 1250 loss 0.0293
12819.5s 686 Epoch 16 batch 1300 loss 0.0325
12838.8s 687 Epoch 16 batch 1350 loss 0.0292
12858.2s 688 Epoch 16 batch 1400 loss 0.0320
12879.3s 689 Epoch 16 batch 1450 loss 0.0294
12898.2s 690 Epoch 16 batch 1500 loss 0.0277
12917.8s 691 Epoch 16 batch 1550 loss 0.0312
12941.5s 692 Epoch 16 batch 1600 loss 0.0321
12963.6s 693 Epoch 16 batch 1650 loss 0.0307
12988.9s 694 Epoch 16 batch 1700 loss 0.0298
13007.7s 695 Epoch 16 batch 1750 loss 0.0318
13027.0s 696 Epoch 16 batch 1800 loss 0.0303
13046.7s 697 Epoch 16 batch 1850 loss 0.0309
13075.8s 698 
13075.8s 699 Epoch 16/40  Train Loss: 0.0310  Val Loss: 0.0391  Val PCKh: 38.3%  (780s)
13075.8s 700 
13075.8s 701 ✓ New best model saved (PCKh=38.3%)
13078.2s 702 Epoch 17 batch 0 loss 0.0298
13098.2s 703 Epoch 17 batch 50 loss 0.0305
13120.4s 704 Epoch 17 batch 100 loss 0.0294
13143.0s 705 Epoch 17 batch 150 loss 0.0322
13161.4s 706 Epoch 17 batch 200 loss 0.0323
13181.8s 707 Epoch 17 batch 250 loss 0.0326
13201.1s 708 Epoch 17 batch 300 loss 0.0302
13220.0s 709 Epoch 17 batch 350 loss 0.0306
13239.0s 710 Epoch 17 batch 400 loss 0.0320
13257.4s 711 Epoch 17 batch 450 loss 0.0300
13275.6s 712 Epoch 17 batch 500 loss 0.0334
13294.0s 713 Epoch 17 batch 550 loss 0.0316
13313.0s 714 Epoch 17 batch 600 loss 0.0327
13332.3s 715 Epoch 17 batch 650 loss 0.0309
13351.6s 716 Epoch 17 batch 700 loss 0.0333
13370.3s 717 Epoch 17 batch 750 loss 0.0289
13389.1s 718 Epoch 17 batch 800 loss 0.0309
13407.9s 719 Epoch 17 batch 850 loss 0.0301
13427.1s 720 Epoch 17 batch 900 loss 0.0320
13444.6s 721 Epoch 17 batch 950 loss 0.0291
13466.6s 722 Epoch 17 batch 1000 loss 0.0313
13486.8s 723 Epoch 17 batch 1050 loss 0.0314
13505.9s 724 Epoch 17 batch 1100 loss 0.0288
13525.5s 725 Epoch 17 batch 1150 loss 0.0296
13544.6s 726 Epoch 17 batch 1200 loss 0.0316
13563.2s 727 Epoch 17 batch 1250 loss 0.0331
13582.7s 728 Epoch 17 batch 1300 loss 0.0309
13601.9s 729 Epoch 17 batch 1350 loss 0.0316
13621.1s 730 Epoch 17 batch 1400 loss 0.0305
13639.4s 731 Epoch 17 batch 1450 loss 0.0300
13659.5s 732 Epoch 17 batch 1500 loss 0.0316
13678.2s 733 Epoch 17 batch 1550 loss 0.0319
13697.7s 734 Epoch 17 batch 1600 loss 0.0313
13717.1s 735 Epoch 17 batch 1650 loss 0.0304
13735.2s 736 Epoch 17 batch 1700 loss 0.0322
13754.0s 737 Epoch 17 batch 1750 loss 0.0303
13773.8s 738 Epoch 17 batch 1800 loss 0.0292
13792.2s 739 Epoch 17 batch 1850 loss 0.0317
13821.9s 740 
13821.9s 741 Epoch 17/40  Train Loss: 0.0308  Val Loss: 0.0389  Val PCKh: 40.1%  (746s)
13821.9s 742 
13821.9s 743 ✓ New best model saved (PCKh=40.1%)
13824.5s 744 Epoch 18 batch 0 loss 0.0310
13849.5s 745 Epoch 18 batch 50 loss 0.0305
13869.9s 746 Epoch 18 batch 100 loss 0.0314
13888.8s 747 Epoch 18 batch 150 loss 0.0302
13907.8s 748 Epoch 18 batch 200 loss 0.0319
13926.2s 749 Epoch 18 batch 250 loss 0.0307
13944.8s 750 Epoch 18 batch 300 loss 0.0294
13963.8s 751 Epoch 18 batch 350 loss 0.0309
13981.4s 752 Epoch 18 batch 400 loss 0.0312
14000.1s 753 Epoch 18 batch 450 loss 0.0305
14023.8s 754 Epoch 18 batch 500 loss 0.0293
14045.1s 755 Epoch 18 batch 550 loss 0.0313
14067.5s 756 Epoch 18 batch 600 loss 0.0304
14088.9s 757 Epoch 18 batch 650 loss 0.0307
14108.4s 758 Epoch 18 batch 700 loss 0.0316
14128.2s 759 Epoch 18 batch 750 loss 0.0303
14147.7s 760 Epoch 18 batch 800 loss 0.0296
14166.1s 761 Epoch 18 batch 850 loss 0.0293
14185.2s 762 Epoch 18 batch 900 loss 0.0284
14202.9s 763 Epoch 18 batch 950 loss 0.0330
14222.0s 764 Epoch 18 batch 1000 loss 0.0283
14240.6s 765 Epoch 18 batch 1050 loss 0.0314
14260.1s 766 Epoch 18 batch 1100 loss 0.0309
14279.7s 767 Epoch 18 batch 1150 loss 0.0295
14299.0s 768 Epoch 18 batch 1200 loss 0.0326
14317.9s 769 Epoch 18 batch 1250 loss 0.0294
14337.1s 770 Epoch 18 batch 1300 loss 0.0324
14355.9s 771 Epoch 18 batch 1350 loss 0.0269
14376.3s 772 Epoch 18 batch 1400 loss 0.0330
14395.0s 773 Epoch 18 batch 1450 loss 0.0285
14415.3s 774 Epoch 18 batch 1500 loss 0.0298
14435.3s 775 Epoch 18 batch 1550 loss 0.0309
14456.4s 776 Epoch 18 batch 1600 loss 0.0315
14479.1s 777 Epoch 18 batch 1650 loss 0.0292
14498.7s 778 Epoch 18 batch 1700 loss 0.0317
14518.6s 779 Epoch 18 batch 1750 loss 0.0293
14538.7s 780 Epoch 18 batch 1800 loss 0.0301
14558.4s 781 Epoch 18 batch 1850 loss 0.0314
14586.5s 782 
14586.5s 783 Epoch 18/40  Train Loss: 0.0306  Val Loss: 0.0390  Val PCKh: 40.9%  (764s)
14586.5s 784 
14586.5s 785 ✓ New best model saved (PCKh=40.9%)
14588.7s 786 Epoch 19 batch 0 loss 0.0289
14607.6s 787 Epoch 19 batch 50 loss 0.0304
14627.4s 788 Epoch 19 batch 100 loss 0.0309
14647.4s 789 Epoch 19 batch 150 loss 0.0301
14667.5s 790 Epoch 19 batch 200 loss 0.0297
14687.1s 791 Epoch 19 batch 250 loss 0.0286
14708.5s 792 Epoch 19 batch 300 loss 0.0327
14726.3s 793 Epoch 19 batch 350 loss 0.0303
14746.0s 794 Epoch 19 batch 400 loss 0.0294
14766.1s 795 Epoch 19 batch 450 loss 0.0309
14785.4s 796 Epoch 19 batch 500 loss 0.0286
14804.1s 797 Epoch 19 batch 550 loss 0.0318
14823.3s 798 Epoch 19 batch 600 loss 0.0303
14842.3s 799 Epoch 19 batch 650 loss 0.0307
14863.3s 800 Epoch 19 batch 700 loss 0.0316
14883.1s 801 Epoch 19 batch 750 loss 0.0308
14901.3s 802 Epoch 19 batch 800 loss 0.0289
14920.9s 803 Epoch 19 batch 850 loss 0.0341
14940.1s 804 Epoch 19 batch 900 loss 0.0290
14959.2s 805 Epoch 19 batch 950 loss 0.0303
14979.2s 806 Epoch 19 batch 1000 loss 0.0334
14998.9s 807 Epoch 19 batch 1050 loss 0.0312
15018.1s 808 Epoch 19 batch 1100 loss 0.0287
15040.2s 809 Epoch 19 batch 1150 loss 0.0297
15061.1s 810 Epoch 19 batch 1200 loss 0.0315
15081.2s 811 Epoch 19 batch 1250 loss 0.0283
15100.3s 812 Epoch 19 batch 1300 loss 0.0306
15119.5s 813 Epoch 19 batch 1350 loss 0.0294
15138.4s 814 Epoch 19 batch 1400 loss 0.0305
15159.9s 815 Epoch 19 batch 1450 loss 0.0309
15184.3s 816 Epoch 19 batch 1500 loss 0.0326
15205.8s 817 Epoch 19 batch 1550 loss 0.0282
15225.0s 818 Epoch 19 batch 1600 loss 0.0283
15244.5s 819 Epoch 19 batch 1650 loss 0.0295
15264.6s 820 Epoch 19 batch 1700 loss 0.0283
15285.1s 821 Epoch 19 batch 1750 loss 0.0304
15305.0s 822 Epoch 19 batch 1800 loss 0.0297
15324.2s 823 Epoch 19 batch 1850 loss 0.0288
15352.7s 824 
15352.7s 825 Epoch 19/40  Train Loss: 0.0303  Val Loss: 0.0388  Val PCKh: 42.6%  (766s)
15352.7s 826 
15352.7s 827 ✓ New best model saved (PCKh=42.6%)
15354.9s 828 Epoch 20 batch 0 loss 0.0304
15373.6s 829 Epoch 20 batch 50 loss 0.0290
15393.1s 830 Epoch 20 batch 100 loss 0.0300
15412.2s 831 Epoch 20 batch 150 loss 0.0300
15431.9s 832 Epoch 20 batch 200 loss 0.0295
15453.7s 833 Epoch 20 batch 250 loss 0.0297
15477.2s 834 Epoch 20 batch 300 loss 0.0293
15496.3s 835 Epoch 20 batch 350 loss 0.0304
15514.9s 836 Epoch 20 batch 400 loss 0.0273
15533.2s 837 Epoch 20 batch 450 loss 0.0337
15554.5s 838 Epoch 20 batch 500 loss 0.0297
15579.0s 839 Epoch 20 batch 550 loss 0.0307
15601.5s 840 Epoch 20 batch 600 loss 0.0315
15632.2s 841 Epoch 20 batch 650 loss 0.0315
15656.8s 842 Epoch 20 batch 700 loss 0.0283
15677.9s 843 Epoch 20 batch 750 loss 0.0311
15701.6s 844 Epoch 20 batch 800 loss 0.0282
15722.6s 845 Epoch 20 batch 850 loss 0.0345
15742.1s 846 Epoch 20 batch 900 loss 0.0301
15762.4s 847 Epoch 20 batch 950 loss 0.0315
15782.8s 848 Epoch 20 batch 1000 loss 0.0281
15802.3s 849 Epoch 20 batch 1050 loss 0.0297
15821.6s 850 Epoch 20 batch 1100 loss 0.0270
15841.7s 851 Epoch 20 batch 1150 loss 0.0284
15860.8s 852 Epoch 20 batch 1200 loss 0.0299
15880.5s 853 Epoch 20 batch 1250 loss 0.0317
15899.5s 854 Epoch 20 batch 1300 loss 0.0273
15919.1s 855 Epoch 20 batch 1350 loss 0.0298
15940.2s 856 Epoch 20 batch 1400 loss 0.0305
15962.2s 857 Epoch 20 batch 1450 loss 0.0296
15985.6s 858 Epoch 20 batch 1500 loss 0.0300
16009.4s 859 Epoch 20 batch 1550 loss 0.0295
16034.6s 860 Epoch 20 batch 1600 loss 0.0297
16060.4s 861 Epoch 20 batch 1650 loss 0.0307
16080.3s 862 Epoch 20 batch 1700 loss 0.0298
16100.4s 863 Epoch 20 batch 1750 loss 0.0297
16120.0s 864 Epoch 20 batch 1800 loss 0.0315
16140.7s 865 Epoch 20 batch 1850 loss 0.0286
16170.1s 866 
16170.1s 867 Epoch 20/40  Train Loss: 0.0300  Val Loss: 0.0387  Val PCKh: 43.7%  (817s)
16170.1s 868 
16170.1s 869 ✓ New best model saved (PCKh=43.7%)
16172.6s 870 Epoch 21 batch 0 loss 0.0290
16192.2s 871 Epoch 21 batch 50 loss 0.0289
16212.1s 872 Epoch 21 batch 100 loss 0.0302
16232.0s 873 Epoch 21 batch 150 loss 0.0306
16251.9s 874 Epoch 21 batch 200 loss 0.0336
16271.6s 875 Epoch 21 batch 250 loss 0.0302
16290.5s 876 Epoch 21 batch 300 loss 0.0313
16311.0s 877 Epoch 21 batch 350 loss 0.0284
16330.8s 878 Epoch 21 batch 400 loss 0.0287
16351.1s 879 Epoch 21 batch 450 loss 0.0314
16371.1s 880 Epoch 21 batch 500 loss 0.0278
16397.2s 881 Epoch 21 batch 550 loss 0.0315
16424.5s 882 Epoch 21 batch 600 loss 0.0294
16443.8s 883 Epoch 21 batch 650 loss 0.0290
16463.8s 884 Epoch 21 batch 700 loss 0.0332
16484.7s 885 Epoch 21 batch 750 loss 0.0287
16503.6s 886 Epoch 21 batch 800 loss 0.0311
16523.0s 887 Epoch 21 batch 850 loss 0.0296
16543.3s 888 Epoch 21 batch 900 loss 0.0311
16570.0s 889 Epoch 21 batch 950 loss 0.0297
16594.3s 890 Epoch 21 batch 1000 loss 0.0304
16615.4s 891 Epoch 21 batch 1050 loss 0.0281
16636.1s 892 Epoch 21 batch 1100 loss 0.0324
16655.9s 893 Epoch 21 batch 1150 loss 0.0321
16677.2s 894 Epoch 21 batch 1200 loss 0.0314
16697.8s 895 Epoch 21 batch 1250 loss 0.0283
16720.8s 896 Epoch 21 batch 1300 loss 0.0302
16743.8s 897 Epoch 21 batch 1350 loss 0.0283
16766.5s 898 Epoch 21 batch 1400 loss 0.0318
16786.9s 899 Epoch 21 batch 1450 loss 0.0297
16819.4s 900 Epoch 21 batch 1500 loss 0.0299
16846.3s 901 Epoch 21 batch 1550 loss 0.0285
16867.9s 902 Epoch 21 batch 1600 loss 0.0303
16887.5s 903 Epoch 21 batch 1650 loss 0.0307
16907.9s 904 Epoch 21 batch 1700 loss 0.0300
16926.9s 905 Epoch 21 batch 1750 loss 0.0298
16947.2s 906 Epoch 21 batch 1800 loss 0.0320
16967.2s 907 Epoch 21 batch 1850 loss 0.0300
16995.9s 908 
16995.9s 909 Epoch 21/40  Train Loss: 0.0299  Val Loss: 0.0386  Val PCKh: 45.6%  (826s)
16995.9s 910 
16995.9s 911 ✓ New best model saved (PCKh=45.6%)
16998.2s 912 Epoch 22 batch 0 loss 0.0282
17018.5s 913 Epoch 22 batch 50 loss 0.0313
17038.1s 914 Epoch 22 batch 100 loss 0.0274
17057.9s 915 Epoch 22 batch 150 loss 0.0282
17076.9s 916 Epoch 22 batch 200 loss 0.0278
17096.6s 917 Epoch 22 batch 250 loss 0.0312
17116.4s 918 Epoch 22 batch 300 loss 0.0341
17135.9s 919 Epoch 22 batch 350 loss 0.0294
17156.0s 920 Epoch 22 batch 400 loss 0.0317
17175.2s 921 Epoch 22 batch 450 loss 0.0288
17194.6s 922 Epoch 22 batch 500 loss 0.0313
17213.7s 923 Epoch 22 batch 550 loss 0.0297
17232.2s 924 Epoch 22 batch 600 loss 0.0293
17251.5s 925 Epoch 22 batch 650 loss 0.0281
17271.0s 926 Epoch 22 batch 700 loss 0.0295
17290.1s 927 Epoch 22 batch 750 loss 0.0294
17309.0s 928 Epoch 22 batch 800 loss 0.0292
17328.7s 929 Epoch 22 batch 850 loss 0.0307
17347.7s 930 Epoch 22 batch 900 loss 0.0296
17366.7s 931 Epoch 22 batch 950 loss 0.0284
17385.3s 932 Epoch 22 batch 1000 loss 0.0288
17404.2s 933 Epoch 22 batch 1050 loss 0.0287
17422.9s 934 Epoch 22 batch 1100 loss 0.0291
17442.5s 935 Epoch 22 batch 1150 loss 0.0297
17461.6s 936 Epoch 22 batch 1200 loss 0.0274
17480.2s 937 Epoch 22 batch 1250 loss 0.0283
17499.9s 938 Epoch 22 batch 1300 loss 0.0293
17518.4s 939 Epoch 22 batch 1350 loss 0.0310
17537.5s 940 Epoch 22 batch 1400 loss 0.0322
17556.8s 941 Epoch 22 batch 1450 loss 0.0283
17576.9s 942 Epoch 22 batch 1500 loss 0.0273
17596.0s 943 Epoch 22 batch 1550 loss 0.0283
17615.4s 944 Epoch 22 batch 1600 loss 0.0270
17634.5s 945 Epoch 22 batch 1650 loss 0.0285
17653.0s 946 Epoch 22 batch 1700 loss 0.0301
17671.1s 947 Epoch 22 batch 1750 loss 0.0273
17690.8s 948 Epoch 22 batch 1800 loss 0.0286
17710.1s 949 Epoch 22 batch 1850 loss 0.0323
17736.8s 950 
17736.8s 951 Epoch 22/40  Train Loss: 0.0295  Val Loss: 0.0385  Val PCKh: 46.1%  (741s)
17736.8s 952 
17736.8s 953 ✓ New best model saved (PCKh=46.1%)
17738.8s 954 Epoch 23 batch 0 loss 0.0287
17758.1s 955 Epoch 23 batch 50 loss 0.0278
17777.1s 956 Epoch 23 batch 100 loss 0.0303
17795.8s 957 Epoch 23 batch 150 loss 0.0291
17815.3s 958 Epoch 23 batch 200 loss 0.0291
17835.6s 959 Epoch 23 batch 250 loss 0.0302
17854.3s 960 Epoch 23 batch 300 loss 0.0274
17873.5s 961 Epoch 23 batch 350 loss 0.0304
17892.7s 962 Epoch 23 batch 400 loss 0.0274
17911.3s 963 Epoch 23 batch 450 loss 0.0284
17930.9s 964 Epoch 23 batch 500 loss 0.0276
17950.4s 965 Epoch 23 batch 550 loss 0.0299
17968.8s 966 Epoch 23 batch 600 loss 0.0273
17988.2s 967 Epoch 23 batch 650 loss 0.0283
18006.3s 968 Epoch 23 batch 700 loss 0.0306
18025.2s 969 Epoch 23 batch 750 loss 0.0316
18044.5s 970 Epoch 23 batch 800 loss 0.0268
18064.3s 971 Epoch 23 batch 850 loss 0.0305
18083.5s 972 Epoch 23 batch 900 loss 0.0301
18102.3s 973 Epoch 23 batch 950 loss 0.0282
18122.9s 974 Epoch 23 batch 1000 loss 0.0283
18142.7s 975 Epoch 23 batch 1050 loss 0.0302
18167.3s 976 Epoch 23 batch 1100 loss 0.0314
18190.3s 977 Epoch 23 batch 1150 loss 0.0310
18214.3s 978 Epoch 23 batch 1200 loss 0.0320
18238.3s 979 Epoch 23 batch 1250 loss 0.0305
18263.6s 980 Epoch 23 batch 1300 loss 0.0291
18285.7s 981 Epoch 23 batch 1350 loss 0.0277
18306.5s 982 Epoch 23 batch 1400 loss 0.0303
18326.5s 983 Epoch 23 batch 1450 loss 0.0281
18347.0s 984 Epoch 23 batch 1500 loss 0.0299
18371.6s 985 Epoch 23 batch 1550 loss 0.0284
18392.6s 986 Epoch 23 batch 1600 loss 0.0318
18413.0s 987 Epoch 23 batch 1650 loss 0.0276
18433.8s 988 Epoch 23 batch 1700 loss 0.0300
18453.7s 989 Epoch 23 batch 1750 loss 0.0285
18473.8s 990 Epoch 23 batch 1800 loss 0.0290
18495.6s 991 Epoch 23 batch 1850 loss 0.0286
18524.2s 992 
18524.2s 993 Epoch 23/40  Train Loss: 0.0292  Val Loss: 0.0384  Val PCKh: 46.8%  (787s)
18524.2s 994 
18524.2s 995 ✓ New best model saved (PCKh=46.8%)
18526.3s 996 Epoch 24 batch 0 loss 0.0293
18546.2s 997 Epoch 24 batch 50 loss 0.0274
18566.1s 998 Epoch 24 batch 100 loss 0.0258
18585.0s 999 Epoch 24 batch 150 loss 0.0286
18604.6s 1000 Epoch 24 batch 200 loss 0.0290
18622.6s 1001 Epoch 24 batch 250 loss 0.0300
18641.4s 1002 Epoch 24 batch 300 loss 0.0278
18661.5s 1003 Epoch 24 batch 350 loss 0.0299
18681.7s 1004 Epoch 24 batch 400 loss 0.0296
18702.7s 1005 Epoch 24 batch 450 loss 0.0296
18725.5s 1006 Epoch 24 batch 500 loss 0.0296
18745.2s 1007 Epoch 24 batch 550 loss 0.0314
18765.7s 1008 Epoch 24 batch 600 loss 0.0310
18786.8s 1009 Epoch 24 batch 650 loss 0.0287
18806.4s 1010 Epoch 24 batch 700 loss 0.0299
18827.3s 1011 Epoch 24 batch 750 loss 0.0281
18848.5s 1012 Epoch 24 batch 800 loss 0.0282
18868.3s 1013 Epoch 24 batch 850 loss 0.0295
18889.3s 1014 Epoch 24 batch 900 loss 0.0281
18909.7s 1015 Epoch 24 batch 950 loss 0.0309
18931.8s 1016 Epoch 24 batch 1000 loss 0.0301
18952.1s 1017 Epoch 24 batch 1050 loss 0.0265
18973.5s 1018 Epoch 24 batch 1100 loss 0.0287
18993.8s 1019 Epoch 24 batch 1150 loss 0.0285
19014.2s 1020 Epoch 24 batch 1200 loss 0.0287
19045.8s 1021 Epoch 24 batch 1250 loss 0.0304
19070.9s 1022 Epoch 24 batch 1300 loss 0.0277
19101.1s 1023 Epoch 24 batch 1350 loss 0.0313
19127.1s 1024 Epoch 24 batch 1400 loss 0.0303
19146.6s 1025 Epoch 24 batch 1450 loss 0.0277
19167.6s 1026 Epoch 24 batch 1500 loss 0.0287
19187.9s 1027 Epoch 24 batch 1550 loss 0.0289
19208.2s 1028 Epoch 24 batch 1600 loss 0.0294
19228.7s 1029 Epoch 24 batch 1650 loss 0.0287
19260.4s 1030 Epoch 24 batch 1700 loss 0.0285
19283.9s 1031 Epoch 24 batch 1750 loss 0.0274
19303.7s 1032 Epoch 24 batch 1800 loss 0.0303
19327.0s 1033 Epoch 24 batch 1850 loss 0.0305
19357.0s 1034 
19357.0s 1035 Epoch 24/40  Train Loss: 0.0290  Val Loss: 0.0383  Val PCKh: 48.0%  (833s)
19357.0s 1036 
19357.0s 1037 ✓ New best model saved (PCKh=48.0%)
19359.1s 1038 Epoch 25 batch 0 loss 0.0303
19378.6s 1039 Epoch 25 batch 50 loss 0.0273
19398.5s 1040 Epoch 25 batch 100 loss 0.0303
19419.1s 1041 Epoch 25 batch 150 loss 0.0275
19441.3s 1042 Epoch 25 batch 200 loss 0.0289
19460.7s 1043 Epoch 25 batch 250 loss 0.0294
19481.0s 1044 Epoch 25 batch 300 loss 0.0276
19501.0s 1045 Epoch 25 batch 350 loss 0.0278
19523.2s 1046 Epoch 25 batch 400 loss 0.0267
19543.7s 1047 Epoch 25 batch 450 loss 0.0280
19564.1s 1048 Epoch 25 batch 500 loss 0.0270
19584.8s 1049 Epoch 25 batch 550 loss 0.0287
19604.6s 1050 Epoch 25 batch 600 loss 0.0287
19623.9s 1051 Epoch 25 batch 650 loss 0.0286
19643.1s 1052 Epoch 25 batch 700 loss 0.0280
19662.1s 1053 Epoch 25 batch 750 loss 0.0304
19682.3s 1054 Epoch 25 batch 800 loss 0.0283
19701.5s 1055 Epoch 25 batch 850 loss 0.0268
19721.6s 1056 Epoch 25 batch 900 loss 0.0280
19741.1s 1057 Epoch 25 batch 950 loss 0.0272
19760.2s 1058 Epoch 25 batch 1000 loss 0.0308
19779.7s 1059 Epoch 25 batch 1050 loss 0.0281
19802.1s 1060 Epoch 25 batch 1100 loss 0.0282
19825.9s 1061 Epoch 25 batch 1150 loss 0.0271
19849.7s 1062 Epoch 25 batch 1200 loss 0.0288
19871.2s 1063 Epoch 25 batch 1250 loss 0.0310
19894.7s 1064 Epoch 25 batch 1300 loss 0.0298
19914.6s 1065 Epoch 25 batch 1350 loss 0.0279
19933.8s 1066 Epoch 25 batch 1400 loss 0.0283
19952.9s 1067 Epoch 25 batch 1450 loss 0.0282
19973.2s 1068 Epoch 25 batch 1500 loss 0.0281
19994.4s 1069 Epoch 25 batch 1550 loss 0.0280
20016.4s 1070 Epoch 25 batch 1600 loss 0.0265
20035.9s 1071 Epoch 25 batch 1650 loss 0.0308
20055.8s 1072 Epoch 25 batch 1700 loss 0.0279
20076.1s 1073 Epoch 25 batch 1750 loss 0.0284
20096.1s 1074 Epoch 25 batch 1800 loss 0.0281
20116.4s 1075 Epoch 25 batch 1850 loss 0.0303
20145.0s 1076 
20145.0s 1077 Epoch 25/40  Train Loss: 0.0288  Val Loss: 0.0382  Val PCKh: 48.9%  (788s)
20145.0s 1078 
20145.0s 1079 ✓ New best model saved (PCKh=48.9%)
20147.3s 1080 Epoch 26 batch 0 loss 0.0286
20166.1s 1081 Epoch 26 batch 50 loss 0.0284
20185.6s 1082 Epoch 26 batch 100 loss 0.0288
20204.9s 1083 Epoch 26 batch 150 loss 0.0305
20227.3s 1084 Epoch 26 batch 200 loss 0.0288
20247.6s 1085 Epoch 26 batch 250 loss 0.0278
20268.1s 1086 Epoch 26 batch 300 loss 0.0300
20287.2s 1087 Epoch 26 batch 350 loss 0.0294
20307.0s 1088 Epoch 26 batch 400 loss 0.0290
20327.6s 1089 Epoch 26 batch 450 loss 0.0327
20349.9s 1090 Epoch 26 batch 500 loss 0.0293
20370.5s 1091 Epoch 26 batch 550 loss 0.0305
20391.6s 1092 Epoch 26 batch 600 loss 0.0257
20412.4s 1093 Epoch 26 batch 650 loss 0.0263
20433.8s 1094 Epoch 26 batch 700 loss 0.0300
20456.0s 1095 Epoch 26 batch 750 loss 0.0271
20477.5s 1096 Epoch 26 batch 800 loss 0.0306
20499.1s 1097 Epoch 26 batch 850 loss 0.0282
20520.2s 1098 Epoch 26 batch 900 loss 0.0257
20540.7s 1099 Epoch 26 batch 950 loss 0.0282
20561.5s 1100 Epoch 26 batch 1000 loss 0.0283
20581.9s 1101 Epoch 26 batch 1050 loss 0.0282
20602.3s 1102 Epoch 26 batch 1100 loss 0.0263
20621.9s 1103 Epoch 26 batch 1150 loss 0.0308
20642.2s 1104 Epoch 26 batch 1200 loss 0.0291
20662.6s 1105 Epoch 26 batch 1250 loss 0.0278
20683.2s 1106 Epoch 26 batch 1300 loss 0.0289
20703.5s 1107 Epoch 26 batch 1350 loss 0.0315
20725.6s 1108 Epoch 26 batch 1400 loss 0.0310
20746.5s 1109 Epoch 26 batch 1450 loss 0.0271
20767.6s 1110 Epoch 26 batch 1500 loss 0.0304
20794.0s 1111 Epoch 26 batch 1550 loss 0.0277
20814.9s 1112 Epoch 26 batch 1600 loss 0.0286
20836.3s 1113 Epoch 26 batch 1650 loss 0.0267
20856.6s 1114 Epoch 26 batch 1700 loss 0.0288
20876.4s 1115 Epoch 26 batch 1750 loss 0.0269
20896.9s 1116 Epoch 26 batch 1800 loss 0.0284
20917.4s 1117 Epoch 26 batch 1850 loss 0.0297
20945.6s 1118 
20945.6s 1119 Epoch 26/40  Train Loss: 0.0285  Val Loss: 0.0381  Val PCKh: 49.9%  (800s)
20945.6s 1120 
20945.6s 1121 ✓ New best model saved (PCKh=49.9%)
20947.9s 1122 Epoch 27 batch 0 loss 0.0287
20967.4s 1123 Epoch 27 batch 50 loss 0.0259
20987.2s 1124 Epoch 27 batch 100 loss 0.0295
21006.6s 1125 Epoch 27 batch 150 loss 0.0271
21026.8s 1126 Epoch 27 batch 200 loss 0.0273
21046.1s 1127 Epoch 27 batch 250 loss 0.0305
21066.6s 1128 Epoch 27 batch 300 loss 0.0289
21085.6s 1129 Epoch 27 batch 350 loss 0.0284
21105.6s 1130 Epoch 27 batch 400 loss 0.0321
21124.9s 1131 Epoch 27 batch 450 loss 0.0281
21143.8s 1132 Epoch 27 batch 500 loss 0.0308
21163.1s 1133 Epoch 27 batch 550 loss 0.0288
21182.9s 1134 Epoch 27 batch 600 loss 0.0275
21202.3s 1135 Epoch 27 batch 650 loss 0.0290
21222.5s 1136 Epoch 27 batch 700 loss 0.0296
21244.5s 1137 Epoch 27 batch 750 loss 0.0282
21267.8s 1138 Epoch 27 batch 800 loss 0.0277
21288.1s 1139 Epoch 27 batch 850 loss 0.0291
21310.2s 1140 Epoch 27 batch 900 loss 0.0273
21330.6s 1141 Epoch 27 batch 950 loss 0.0281
21351.7s 1142 Epoch 27 batch 1000 loss 0.0283
21372.1s 1143 Epoch 27 batch 1050 loss 0.0289
21394.5s 1144 Epoch 27 batch 1100 loss 0.0261
21414.9s 1145 Epoch 27 batch 1150 loss 0.0296
21438.6s 1146 Epoch 27 batch 1200 loss 0.0291
21460.2s 1147 Epoch 27 batch 1250 loss 0.0323
21480.3s 1148 Epoch 27 batch 1300 loss 0.0265
21499.5s 1149 Epoch 27 batch 1350 loss 0.0279
21518.4s 1150 Epoch 27 batch 1400 loss 0.0282
21538.6s 1151 Epoch 27 batch 1450 loss 0.0292
21558.5s 1152 Epoch 27 batch 1500 loss 0.0312
21580.9s 1153 Epoch 27 batch 1550 loss 0.0287
21604.2s 1154 Epoch 27 batch 1600 loss 0.0263
21627.3s 1155 Epoch 27 batch 1650 loss 0.0296
21650.1s 1156 Epoch 27 batch 1700 loss 0.0258
21672.6s 1157 Epoch 27 batch 1750 loss 0.0304
21694.9s 1158 Epoch 27 batch 1800 loss 0.0286
21718.0s 1159 Epoch 27 batch 1850 loss 0.0266
21753.1s 1160 
21753.1s 1161 Epoch 27/40  Train Loss: 0.0283  Val Loss: 0.0381  Val PCKh: 50.6%  (807s)
21753.1s 1162 
21753.1s 1163 ✓ New best model saved (PCKh=50.6%)
21755.7s 1164 Epoch 28 batch 0 loss 0.0266
21781.6s 1165 Epoch 28 batch 50 loss 0.0252
21809.9s 1166 Epoch 28 batch 100 loss 0.0284
21837.7s 1167 Epoch 28 batch 150 loss 0.0269
21860.6s 1168 Epoch 28 batch 200 loss 0.0290
21889.1s 1169 Epoch 28 batch 250 loss 0.0264
21921.1s 1170 Epoch 28 batch 300 loss 0.0273
21950.7s 1171 Epoch 28 batch 350 loss 0.0292
21985.5s 1172 Epoch 28 batch 400 loss 0.0269
22011.1s 1173 Epoch 28 batch 450 loss 0.0267
22038.9s 1174 Epoch 28 batch 500 loss 0.0296
22062.9s 1175 Epoch 28 batch 550 loss 0.0257
22085.6s 1176 Epoch 28 batch 600 loss 0.0279
22105.7s 1177 Epoch 28 batch 650 loss 0.0272
22127.2s 1178 Epoch 28 batch 700 loss 0.0282
22146.0s 1179 Epoch 28 batch 750 loss 0.0292
22166.4s 1180 Epoch 28 batch 800 loss 0.0270
22184.8s 1181 Epoch 28 batch 850 loss 0.0284
22205.3s 1182 Epoch 28 batch 900 loss 0.0281
22224.8s 1183 Epoch 28 batch 950 loss 0.0259
22244.8s 1184 Epoch 28 batch 1000 loss 0.0301
22264.8s 1185 Epoch 28 batch 1050 loss 0.0297
22285.0s 1186 Epoch 28 batch 1100 loss 0.0292
22304.4s 1187 Epoch 28 batch 1150 loss 0.0280
22323.8s 1188 Epoch 28 batch 1200 loss 0.0279
22343.5s 1189 Epoch 28 batch 1250 loss 0.0307
22363.4s 1190 Epoch 28 batch 1300 loss 0.0291
22407.2s 1191 Epoch 28 batch 1350 loss 0.0290
22430.5s 1192 Epoch 28 batch 1400 loss 0.0299
22450.5s 1193 Epoch 28 batch 1450 loss 0.0262
22469.6s 1194 Epoch 28 batch 1500 loss 0.0289
22488.8s 1195 Epoch 28 batch 1550 loss 0.0280
22508.0s 1196 Epoch 28 batch 1600 loss 0.0264
22528.4s 1197 Epoch 28 batch 1650 loss 0.0275
22546.6s 1198 Epoch 28 batch 1700 loss 0.0283
22565.9s 1199 Epoch 28 batch 1750 loss 0.0289
22586.2s 1200 Epoch 28 batch 1800 loss 0.0289
22606.5s 1201 Epoch 28 batch 1850 loss 0.0266
22633.7s 1202 
22633.7s 1203 Epoch 28/40  Train Loss: 0.0280  Val Loss: 0.0379  Val PCKh: 51.9%  (880s)
22633.7s 1204 
22633.7s 1205 ✓ New best model saved (PCKh=51.9%)
22635.9s 1206 Epoch 29 batch 0 loss 0.0303
22655.8s 1207 Epoch 29 batch 50 loss 0.0280
22675.0s 1208 Epoch 29 batch 100 loss 0.0297
22694.4s 1209 Epoch 29 batch 150 loss 0.0266
22714.2s 1210 Epoch 29 batch 200 loss 0.0286
22732.9s 1211 Epoch 29 batch 250 loss 0.0294
22752.0s 1212 Epoch 29 batch 300 loss 0.0260
22772.8s 1213 Epoch 29 batch 350 loss 0.0285
22793.6s 1214 Epoch 29 batch 400 loss 0.0271
22812.7s 1215 Epoch 29 batch 450 loss 0.0281
22830.3s 1216 Epoch 29 batch 500 loss 0.0276
22848.3s 1217 Epoch 29 batch 550 loss 0.0289
22868.5s 1218 Epoch 29 batch 600 loss 0.0275
22887.9s 1219 Epoch 29 batch 650 loss 0.0290
22907.0s 1220 Epoch 29 batch 700 loss 0.0265
22925.4s 1221 Epoch 29 batch 750 loss 0.0278
22947.6s 1222 Epoch 29 batch 800 loss 0.0276
22972.3s 1223 Epoch 29 batch 850 loss 0.0282
22997.2s 1224 Epoch 29 batch 900 loss 0.0277
23019.7s 1225 Epoch 29 batch 950 loss 0.0290
23038.5s 1226 Epoch 29 batch 1000 loss 0.0290
23057.6s 1227 Epoch 29 batch 1050 loss 0.0287
23078.2s 1228 Epoch 29 batch 1100 loss 0.0295
23099.8s 1229 Epoch 29 batch 1150 loss 0.0272
23122.9s 1230 Epoch 29 batch 1200 loss 0.0283
23143.7s 1231 Epoch 29 batch 1250 loss 0.0283
23162.1s 1232 Epoch 29 batch 1300 loss 0.0276
23182.6s 1233 Epoch 29 batch 1350 loss 0.0270
23202.1s 1234 Epoch 29 batch 1400 loss 0.0288
23220.7s 1235 Epoch 29 batch 1450 loss 0.0286
23240.6s 1236 Epoch 29 batch 1500 loss 0.0286
23259.5s 1237 Epoch 29 batch 1550 loss 0.0261
23278.3s 1238 Epoch 29 batch 1600 loss 0.0294
23299.2s 1239 Epoch 29 batch 1650 loss 0.0290
23318.4s 1240 Epoch 29 batch 1700 loss 0.0285
23338.5s 1241 Epoch 29 batch 1750 loss 0.0264
23358.7s 1242 Epoch 29 batch 1800 loss 0.0275
23378.1s 1243 Epoch 29 batch 1850 loss 0.0273
23407.3s 1244 
23407.3s 1245 Epoch 29/40  Train Loss: 0.0278  Val Loss: 0.0378  Val PCKh: 52.0%  (773s)
23407.3s 1246 
23407.3s 1247 ✓ New best model saved (PCKh=52.0%)
23409.5s 1248 Epoch 30 batch 0 loss 0.0280
23428.8s 1249 Epoch 30 batch 50 loss 0.0271
23448.2s 1250 Epoch 30 batch 100 loss 0.0284
23467.8s 1251 Epoch 30 batch 150 loss 0.0251
23489.5s 1252 Epoch 30 batch 200 loss 0.0294
23508.6s 1253 Epoch 30 batch 250 loss 0.0276
23529.8s 1254 Epoch 30 batch 300 loss 0.0274
23550.2s 1255 Epoch 30 batch 350 loss 0.0290
23570.9s 1256 Epoch 30 batch 400 loss 0.0270
23593.3s 1257 Epoch 30 batch 450 loss 0.0283
23617.3s 1258 Epoch 30 batch 500 loss 0.0288
23641.3s 1259 Epoch 30 batch 550 loss 0.0298
23663.5s 1260 Epoch 30 batch 600 loss 0.0273
23684.3s 1261 Epoch 30 batch 650 loss 0.0248
23707.5s 1262 Epoch 30 batch 700 loss 0.0295
23727.6s 1263 Epoch 30 batch 750 loss 0.0256
23747.8s 1264 Epoch 30 batch 800 loss 0.0305
23768.0s 1265 Epoch 30 batch 850 loss 0.0279
23788.7s 1266 Epoch 30 batch 900 loss 0.0269
23809.1s 1267 Epoch 30 batch 950 loss 0.0267
23829.9s 1268 Epoch 30 batch 1000 loss 0.0256
23848.8s 1269 Epoch 30 batch 1050 loss 0.0282
23870.7s 1270 Epoch 30 batch 1100 loss 0.0285
23895.6s 1271 Epoch 30 batch 1150 loss 0.0287
23917.7s 1272 Epoch 30 batch 1200 loss 0.0286
23936.9s 1273 Epoch 30 batch 1250 loss 0.0277
23957.2s 1274 Epoch 30 batch 1300 loss 0.0278
23977.9s 1275 Epoch 30 batch 1350 loss 0.0257
23998.2s 1276 Epoch 30 batch 1400 loss 0.0298
24018.5s 1277 Epoch 30 batch 1450 loss 0.0266
24039.6s 1278 Epoch 30 batch 1500 loss 0.0279
24059.7s 1279 Epoch 30 batch 1550 loss 0.0266
24080.6s 1280 Epoch 30 batch 1600 loss 0.0283
24099.2s 1281 Epoch 30 batch 1650 loss 0.0276
24119.2s 1282 Epoch 30 batch 1700 loss 0.0246
24139.3s 1283 Epoch 30 batch 1750 loss 0.0262
24159.3s 1284 Epoch 30 batch 1800 loss 0.0259
24178.8s 1285 Epoch 30 batch 1850 loss 0.0297
24223.8s 1286 
24223.8s 1287 Epoch 30/40  Train Loss: 0.0276  Val Loss: 0.0379  Val PCKh: 53.1%  (816s)
24223.8s 1288 
24223.8s 1289 ✓ New best model saved (PCKh=53.1%)
24226.4s 1290 Epoch 31 batch 0 loss 0.0291
24250.3s 1291 Epoch 31 batch 50 loss 0.0267
24276.2s 1292 Epoch 31 batch 100 loss 0.0258
24303.6s 1293 Epoch 31 batch 150 loss 0.0276
24334.2s 1294 Epoch 31 batch 200 loss 0.0288
24362.0s 1295 Epoch 31 batch 250 loss 0.0276
24391.8s 1296 Epoch 31 batch 300 loss 0.0265
24417.2s 1297 Epoch 31 batch 350 loss 0.0271
24441.0s 1298 Epoch 31 batch 400 loss 0.0268
24465.5s 1299 Epoch 31 batch 450 loss 0.0268
24489.2s 1300 Epoch 31 batch 500 loss 0.0275
24513.4s 1301 Epoch 31 batch 550 loss 0.0270
24537.5s 1302 Epoch 31 batch 600 loss 0.0287
24562.2s 1303 Epoch 31 batch 650 loss 0.0264
24586.4s 1304 Epoch 31 batch 700 loss 0.0257
24609.2s 1305 Epoch 31 batch 750 loss 0.0259
24630.6s 1306 Epoch 31 batch 800 loss 0.0274
24657.5s 1307 Epoch 31 batch 850 loss 0.0287
24681.7s 1308 Epoch 31 batch 900 loss 0.0298
24704.0s 1309 Epoch 31 batch 950 loss 0.0272
24724.6s 1310 Epoch 31 batch 1000 loss 0.0271
24743.6s 1311 Epoch 31 batch 1050 loss 0.0264
24763.7s 1312 Epoch 31 batch 1100 loss 0.0252
24784.9s 1313 Epoch 31 batch 1150 loss 0.0286
24806.1s 1314 Epoch 31 batch 1200 loss 0.0251
24827.8s 1315 Epoch 31 batch 1250 loss 0.0276
24849.8s 1316 Epoch 31 batch 1300 loss 0.0280
24871.8s 1317 Epoch 31 batch 1350 loss 0.0266
24891.8s 1318 Epoch 31 batch 1400 loss 0.0258
24911.0s 1319 Epoch 31 batch 1450 loss 0.0272
24931.6s 1320 Epoch 31 batch 1500 loss 0.0272
24951.0s 1321 Epoch 31 batch 1550 loss 0.0278
24971.8s 1322 Epoch 31 batch 1600 loss 0.0283
24991.8s 1323 Epoch 31 batch 1650 loss 0.0282
25012.5s 1324 Epoch 31 batch 1700 loss 0.0267
25033.9s 1325 Epoch 31 batch 1750 loss 0.0275
25054.3s 1326 Epoch 31 batch 1800 loss 0.0281
25073.2s 1327 Epoch 31 batch 1850 loss 0.0281
25101.0s 1328 
25101.0s 1329 Epoch 31/40  Train Loss: 0.0275  Val Loss: 0.0379  Val PCKh: 53.1%  (877s)
25101.0s 1330 
25103.1s 1331 Epoch 32 batch 0 loss 0.0269
25121.9s 1332 Epoch 32 batch 50 loss 0.0272
25143.6s 1333 Epoch 32 batch 100 loss 0.0275
25165.5s 1334 Epoch 32 batch 150 loss 0.0251
25186.7s 1335 Epoch 32 batch 200 loss 0.0267
25205.4s 1336 Epoch 32 batch 250 loss 0.0292
25226.7s 1337 Epoch 32 batch 300 loss 0.0269
25249.3s 1338 Epoch 32 batch 350 loss 0.0281
25272.1s 1339 Epoch 32 batch 400 loss 0.0287
25291.2s 1340 Epoch 32 batch 450 loss 0.0285
25311.8s 1341 Epoch 32 batch 500 loss 0.0263
25332.4s 1342 Epoch 32 batch 550 loss 0.0262
25354.9s 1343 Epoch 32 batch 600 loss 0.0260
25376.3s 1344 Epoch 32 batch 650 loss 0.0274
25396.5s 1345 Epoch 32 batch 700 loss 0.0255
25416.9s 1346 Epoch 32 batch 750 loss 0.0283
25437.5s 1347 Epoch 32 batch 800 loss 0.0278
25457.7s 1348 Epoch 32 batch 850 loss 0.0268
25478.6s 1349 Epoch 32 batch 900 loss 0.0270
25499.3s 1350 Epoch 32 batch 950 loss 0.0294
25521.4s 1351 Epoch 32 batch 1000 loss 0.0281
25541.0s 1352 Epoch 32 batch 1050 loss 0.0289
25560.3s 1353 Epoch 32 batch 1100 loss 0.0294
25583.7s 1354 Epoch 32 batch 1150 loss 0.0267
25604.2s 1355 Epoch 32 batch 1200 loss 0.0271
25626.1s 1356 Epoch 32 batch 1250 loss 0.0272
25647.3s 1357 Epoch 32 batch 1300 loss 0.0266
25673.4s 1358 Epoch 32 batch 1350 loss 0.0263
25694.6s 1359 Epoch 32 batch 1400 loss 0.0266
25725.6s 1360 Epoch 32 batch 1450 loss 0.0286
25752.3s 1361 Epoch 32 batch 1500 loss 0.0286
25781.3s 1362 Epoch 32 batch 1550 loss 0.0292
25807.0s 1363 Epoch 32 batch 1600 loss 0.0280
25827.7s 1364 Epoch 32 batch 1650 loss 0.0270
25847.5s 1365 Epoch 32 batch 1700 loss 0.0255
25868.5s 1366 Epoch 32 batch 1750 loss 0.0289
25890.0s 1367 Epoch 32 batch 1800 loss 0.0289
25911.8s 1368 Epoch 32 batch 1850 loss 0.0242
25943.3s 1369 
25943.3s 1370 Epoch 32/40  Train Loss: 0.0273  Val Loss: 0.0377  Val PCKh: 54.4%  (842s)
25943.3s 1371 
25943.3s 1372 ✓ New best model saved (PCKh=54.4%)
25945.6s 1373 Epoch 33 batch 0 loss 0.0256
25967.1s 1374 Epoch 33 batch 50 loss 0.0265
25986.9s 1375 Epoch 33 batch 100 loss 0.0275
26007.3s 1376 Epoch 33 batch 150 loss 0.0263
26027.4s 1377 Epoch 33 batch 200 loss 0.0265
26047.7s 1378 Epoch 33 batch 250 loss 0.0296
26067.5s 1379 Epoch 33 batch 300 loss 0.0297
26088.1s 1380 Epoch 33 batch 350 loss 0.0272
26109.4s 1381 Epoch 33 batch 400 loss 0.0251
26129.2s 1382 Epoch 33 batch 450 loss 0.0271
26150.3s 1383 Epoch 33 batch 500 loss 0.0286
26170.8s 1384 Epoch 33 batch 550 loss 0.0278
26192.0s 1385 Epoch 33 batch 600 loss 0.0272
26213.4s 1386 Epoch 33 batch 650 loss 0.0275
26232.3s 1387 Epoch 33 batch 700 loss 0.0268
26252.5s 1388 Epoch 33 batch 750 loss 0.0273
26273.3s 1389 Epoch 33 batch 800 loss 0.0277
26293.3s 1390 Epoch 33 batch 850 loss 0.0263
26317.7s 1391 Epoch 33 batch 900 loss 0.0283
26341.9s 1392 Epoch 33 batch 950 loss 0.0283
26373.9s 1393 Epoch 33 batch 1000 loss 0.0292
26402.6s 1394 Epoch 33 batch 1050 loss 0.0260
26426.0s 1395 Epoch 33 batch 1100 loss 0.0240
26447.1s 1396 Epoch 33 batch 1150 loss 0.0255
26468.7s 1397 Epoch 33 batch 1200 loss 0.0303
26493.2s 1398 Epoch 33 batch 1250 loss 0.0275
26515.7s 1399 Epoch 33 batch 1300 loss 0.0257
26538.5s 1400 Epoch 33 batch 1350 loss 0.0270
26560.7s 1401 Epoch 33 batch 1400 loss 0.0265
26582.3s 1402 Epoch 33 batch 1450 loss 0.0259
26604.9s 1403 Epoch 33 batch 1500 loss 0.0269
26628.2s 1404 Epoch 33 batch 1550 loss 0.0269
26649.0s 1405 Epoch 33 batch 1600 loss 0.0267
26671.0s 1406 Epoch 33 batch 1650 loss 0.0251
26697.1s 1407 Epoch 33 batch 1700 loss 0.0252
26721.0s 1408 Epoch 33 batch 1750 loss 0.0291
26743.2s 1409 Epoch 33 batch 1800 loss 0.0262
26765.4s 1410 Epoch 33 batch 1850 loss 0.0283
26797.2s 1411 
26797.2s 1412 Epoch 33/40  Train Loss: 0.0271  Val Loss: 0.0376  Val PCKh: 55.1%  (854s)
26797.2s 1413 
26797.2s 1414 ✓ New best model saved (PCKh=55.1%)
26799.9s 1415 Epoch 34 batch 0 loss 0.0267
26823.1s 1416 Epoch 34 batch 50 loss 0.0265
26844.5s 1417 Epoch 34 batch 100 loss 0.0257
26865.1s 1418 Epoch 34 batch 150 loss 0.0259
26887.5s 1419 Epoch 34 batch 200 loss 0.0277
26909.2s 1420 Epoch 34 batch 250 loss 0.0269
26939.9s 1421 Epoch 34 batch 300 loss 0.0270
26967.2s 1422 Epoch 34 batch 350 loss 0.0270
26988.2s 1423 Epoch 34 batch 400 loss 0.0301
27014.5s 1424 Epoch 34 batch 450 loss 0.0272
27044.6s 1425 Epoch 34 batch 500 loss 0.0253
27074.3s 1426 Epoch 34 batch 550 loss 0.0280
27099.2s 1427 Epoch 34 batch 600 loss 0.0247
27120.1s 1428 Epoch 34 batch 650 loss 0.0277
27141.8s 1429 Epoch 34 batch 700 loss 0.0272
27162.1s 1430 Epoch 34 batch 750 loss 0.0283
27184.4s 1431 Epoch 34 batch 800 loss 0.0276
27205.9s 1432 Epoch 34 batch 850 loss 0.0270
27227.4s 1433 Epoch 34 batch 900 loss 0.0291
27248.6s 1434 Epoch 34 batch 950 loss 0.0276
27271.5s 1435 Epoch 34 batch 1000 loss 0.0247
27292.8s 1436 Epoch 34 batch 1050 loss 0.0260
27313.2s 1437 Epoch 34 batch 1100 loss 0.0262
27332.8s 1438 Epoch 34 batch 1150 loss 0.0282
27354.4s 1439 Epoch 34 batch 1200 loss 0.0252
27375.7s 1440 Epoch 34 batch 1250 loss 0.0284
27397.7s 1441 Epoch 34 batch 1300 loss 0.0266
27417.2s 1442 Epoch 34 batch 1350 loss 0.0274
27438.1s 1443 Epoch 34 batch 1400 loss 0.0276
27458.3s 1444 Epoch 34 batch 1450 loss 0.0290
27479.3s 1445 Epoch 34 batch 1500 loss 0.0284
27500.2s 1446 Epoch 34 batch 1550 loss 0.0263
27520.6s 1447 Epoch 34 batch 1600 loss 0.0264
27541.2s 1448 Epoch 34 batch 1650 loss 0.0271
27560.2s 1449 Epoch 34 batch 1700 loss 0.0269
27581.9s 1450 Epoch 34 batch 1750 loss 0.0259
27603.9s 1451 Epoch 34 batch 1800 loss 0.0263
27625.4s 1452 Epoch 34 batch 1850 loss 0.0284
27658.2s 1453 
27658.2s 1454 Epoch 34/40  Train Loss: 0.0270  Val Loss: 0.0375  Val PCKh: 54.8%  (861s)
27658.2s 1455 
27660.3s 1456 Epoch 35 batch 0 loss 0.0281
27680.0s 1457 Epoch 35 batch 50 loss 0.0273
27700.6s 1458 Epoch 35 batch 100 loss 0.0259
27719.9s 1459 Epoch 35 batch 150 loss 0.0248
27740.7s 1460 Epoch 35 batch 200 loss 0.0272
27760.9s 1461 Epoch 35 batch 250 loss 0.0294
27781.2s 1462 Epoch 35 batch 300 loss 0.0263
27801.4s 1463 Epoch 35 batch 350 loss 0.0276
27821.6s 1464 Epoch 35 batch 400 loss 0.0267
27841.9s 1465 Epoch 35 batch 450 loss 0.0305
27861.9s 1466 Epoch 35 batch 500 loss 0.0272
27881.2s 1467 Epoch 35 batch 550 loss 0.0270
27901.9s 1468 Epoch 35 batch 600 loss 0.0262
27922.4s 1469 Epoch 35 batch 650 loss 0.0273
27942.5s 1470 Epoch 35 batch 700 loss 0.0264
27962.2s 1471 Epoch 35 batch 750 loss 0.0273
27983.2s 1472 Epoch 35 batch 800 loss 0.0267
28004.0s 1473 Epoch 35 batch 850 loss 0.0271
28024.8s 1474 Epoch 35 batch 900 loss 0.0267
28044.9s 1475 Epoch 35 batch 950 loss 0.0253
28066.2s 1476 Epoch 35 batch 1000 loss 0.0260
28087.5s 1477 Epoch 35 batch 1050 loss 0.0274
28108.0s 1478 Epoch 35 batch 1100 loss 0.0281
28129.2s 1479 Epoch 35 batch 1150 loss 0.0258
28149.4s 1480 Epoch 35 batch 1200 loss 0.0260
28170.0s 1481 Epoch 35 batch 1250 loss 0.0266
28190.6s 1482 Epoch 35 batch 1300 loss 0.0278
28210.5s 1483 Epoch 35 batch 1350 loss 0.0263
28230.9s 1484 Epoch 35 batch 1400 loss 0.0261
28251.0s 1485 Epoch 35 batch 1450 loss 0.0252
28272.3s 1486 Epoch 35 batch 1500 loss 0.0258
28293.4s 1487 Epoch 35 batch 1550 loss 0.0270
28321.3s 1488 Epoch 35 batch 1600 loss 0.0271
28345.6s 1489 Epoch 35 batch 1650 loss 0.0246
28367.6s 1490 Epoch 35 batch 1700 loss 0.0266
28389.5s 1491 Epoch 35 batch 1750 loss 0.0270
28412.3s 1492 Epoch 35 batch 1800 loss 0.0252
28434.5s 1493 Epoch 35 batch 1850 loss 0.0274
28465.0s 1494 
28465.0s 1495 Epoch 35/40  Train Loss: 0.0268  Val Loss: 0.0376  Val PCKh: 55.2%  (807s)
28465.0s 1496 
28465.0s 1497 ✓ New best model saved (PCKh=55.2%)
28467.3s 1498 Epoch 36 batch 0 loss 0.0252
28486.6s 1499 Epoch 36 batch 50 loss 0.0290
28505.8s 1500 Epoch 36 batch 100 loss 0.0265
28525.9s 1501 Epoch 36 batch 150 loss 0.0266
28545.9s 1502 Epoch 36 batch 200 loss 0.0289
28566.2s 1503 Epoch 36 batch 250 loss 0.0254
28586.3s 1504 Epoch 36 batch 300 loss 0.0262
28606.1s 1505 Epoch 36 batch 350 loss 0.0261
28626.4s 1506 Epoch 36 batch 400 loss 0.0252
28646.2s 1507 Epoch 36 batch 450 loss 0.0266
28665.4s 1508 Epoch 36 batch 500 loss 0.0263
28685.4s 1509 Epoch 36 batch 550 loss 0.0260
28704.9s 1510 Epoch 36 batch 600 loss 0.0260
28726.5s 1511 Epoch 36 batch 650 loss 0.0263
28747.7s 1512 Epoch 36 batch 700 loss 0.0266
28768.2s 1513 Epoch 36 batch 750 loss 0.0279
28789.2s 1514 Epoch 36 batch 800 loss 0.0262
28809.5s 1515 Epoch 36 batch 850 loss 0.0265
28829.9s 1516 Epoch 36 batch 900 loss 0.0254
28849.4s 1517 Epoch 36 batch 950 loss 0.0253
28869.2s 1518 Epoch 36 batch 1000 loss 0.0264
28889.3s 1519 Epoch 36 batch 1050 loss 0.0259
28908.2s 1520 Epoch 36 batch 1100 loss 0.0285
28928.2s 1521 Epoch 36 batch 1150 loss 0.0264
28947.9s 1522 Epoch 36 batch 1200 loss 0.0278
28968.4s 1523 Epoch 36 batch 1250 loss 0.0270
28989.7s 1524 Epoch 36 batch 1300 loss 0.0247
29010.5s 1525 Epoch 36 batch 1350 loss 0.0273
29031.4s 1526 Epoch 36 batch 1400 loss 0.0255
29052.5s 1527 Epoch 36 batch 1450 loss 0.0269
29074.2s 1528 Epoch 36 batch 1500 loss 0.0264
29096.0s 1529 Epoch 36 batch 1550 loss 0.0263
29117.2s 1530 Epoch 36 batch 1600 loss 0.0249
29138.3s 1531 Epoch 36 batch 1650 loss 0.0260
29159.0s 1532 Epoch 36 batch 1700 loss 0.0244
29180.0s 1533 Epoch 36 batch 1750 loss 0.0254
29201.5s 1534 Epoch 36 batch 1800 loss 0.0258
29222.4s 1535 Epoch 36 batch 1850 loss 0.0270
29252.4s 1536 
29252.4s 1537 Epoch 36/40  Train Loss: 0.0267  Val Loss: 0.0375  Val PCKh: 55.5%  (787s)
29252.4s 1538 
29252.4s 1539 ✓ New best model saved (PCKh=55.5%)
29255.0s 1540 Epoch 37 batch 0 loss 0.0273
29281.4s 1541 Epoch 37 batch 50 loss 0.0260
29303.9s 1542 Epoch 37 batch 100 loss 0.0272
29325.2s 1543 Epoch 37 batch 150 loss 0.0279
29348.0s 1544 Epoch 37 batch 200 loss 0.0256
29369.7s 1545 Epoch 37 batch 250 loss 0.0255
29392.4s 1546 Epoch 37 batch 300 loss 0.0249
29413.0s 1547 Epoch 37 batch 350 loss 0.0280
29434.2s 1548 Epoch 37 batch 400 loss 0.0254
29454.9s 1549 Epoch 37 batch 450 loss 0.0257
29477.9s 1550 Epoch 37 batch 500 loss 0.0249
29498.4s 1551 Epoch 37 batch 550 loss 0.0276
29520.3s 1552 Epoch 37 batch 600 loss 0.0268
29541.1s 1553 Epoch 37 batch 650 loss 0.0277
29563.5s 1554 Epoch 37 batch 700 loss 0.0284
29588.0s 1555 Epoch 37 batch 750 loss 0.0293
29611.7s 1556 Epoch 37 batch 800 loss 0.0256
29634.6s 1557 Epoch 37 batch 850 loss 0.0261
29663.2s 1558 Epoch 37 batch 900 loss 0.0271
29684.9s 1559 Epoch 37 batch 950 loss 0.0262
29708.8s 1560 Epoch 37 batch 1000 loss 0.0266
29733.0s 1561 Epoch 37 batch 1050 loss 0.0280
29756.4s 1562 Epoch 37 batch 1100 loss 0.0272
29779.2s 1563 Epoch 37 batch 1150 loss 0.0271
29801.8s 1564 Epoch 37 batch 1200 loss 0.0275
29823.8s 1565 Epoch 37 batch 1250 loss 0.0276
29845.6s 1566 Epoch 37 batch 1300 loss 0.0277
29867.3s 1567 Epoch 37 batch 1350 loss 0.0252
29889.0s 1568 Epoch 37 batch 1400 loss 0.0266
29911.1s 1569 Epoch 37 batch 1450 loss 0.0259
29932.9s 1570 Epoch 37 batch 1500 loss 0.0244
29955.2s 1571 Epoch 37 batch 1550 loss 0.0245
29976.8s 1572 Epoch 37 batch 1600 loss 0.0285
29997.9s 1573 Epoch 37 batch 1650 loss 0.0276
30024.8s 1574 Epoch 37 batch 1700 loss 0.0285
30052.3s 1575 Epoch 37 batch 1750 loss 0.0254
30074.7s 1576 Epoch 37 batch 1800 loss 0.0282
30100.5s 1577 Epoch 37 batch 1850 loss 0.0265
30135.1s 1578 
30135.1s 1579 Epoch 37/40  Train Loss: 0.0266  Val Loss: 0.0375  Val PCKh: 55.1%  (883s)
30135.1s 1580 
30137.7s 1581 Epoch 38 batch 0 loss 0.0268
30160.4s 1582 Epoch 38 batch 50 loss 0.0254
30183.9s 1583 Epoch 38 batch 100 loss 0.0257
30206.9s 1584 Epoch 38 batch 150 loss 0.0265
30232.6s 1585 Epoch 38 batch 200 loss 0.0262
30258.2s 1586 Epoch 38 batch 250 loss 0.0284
30283.7s 1587 Epoch 38 batch 300 loss 0.0263
30310.3s 1588 Epoch 38 batch 350 loss 0.0257
30334.8s 1589 Epoch 38 batch 400 loss 0.0262
30359.9s 1590 Epoch 38 batch 450 loss 0.0268
30383.6s 1591 Epoch 38 batch 500 loss 0.0258
30412.2s 1592 Epoch 38 batch 550 loss 0.0249
30433.2s 1593 Epoch 38 batch 600 loss 0.0263
30454.6s 1594 Epoch 38 batch 650 loss 0.0272
30475.6s 1595 Epoch 38 batch 700 loss 0.0238
30498.0s 1596 Epoch 38 batch 750 loss 0.0269
30520.4s 1597 Epoch 38 batch 800 loss 0.0258
30540.0s 1598 Epoch 38 batch 850 loss 0.0283
30561.5s 1599 Epoch 38 batch 900 loss 0.0292
30581.4s 1600 Epoch 38 batch 950 loss 0.0260
30601.8s 1601 Epoch 38 batch 1000 loss 0.0256
30631.2s 1602 Epoch 38 batch 1050 loss 0.0255
30652.3s 1603 Epoch 38 batch 1100 loss 0.0290
30673.0s 1604 Epoch 38 batch 1150 loss 0.0288
30694.6s 1605 Epoch 38 batch 1200 loss 0.0246
30715.2s 1606 Epoch 38 batch 1250 loss 0.0278
30736.2s 1607 Epoch 38 batch 1300 loss 0.0267
30759.2s 1608 Epoch 38 batch 1350 loss 0.0271
30779.8s 1609 Epoch 38 batch 1400 loss 0.0264
30799.7s 1610 Epoch 38 batch 1450 loss 0.0228
30822.1s 1611 Epoch 38 batch 1500 loss 0.0253
30843.3s 1612 Epoch 38 batch 1550 loss 0.0284
30865.0s 1613 Epoch 38 batch 1600 loss 0.0287
30887.4s 1614 Epoch 38 batch 1650 loss 0.0269
30909.9s 1615 Epoch 38 batch 1700 loss 0.0238
30930.7s 1616 Epoch 38 batch 1750 loss 0.0270
30951.6s 1617 Epoch 38 batch 1800 loss 0.0287
30973.3s 1618 Epoch 38 batch 1850 loss 0.0264
31004.0s 1619 
31004.0s 1620 Epoch 38/40  Train Loss: 0.0264  Val Loss: 0.0373  Val PCKh: 56.0%  (869s)
31004.0s 1621 
31004.0s 1622 ✓ New best model saved (PCKh=56.0%)
31006.1s 1623 Epoch 39 batch 0 loss 0.0250
31027.5s 1624 Epoch 39 batch 50 loss 0.0238
31049.6s 1625 Epoch 39 batch 100 loss 0.0288
31070.5s 1626 Epoch 39 batch 150 loss 0.0256
31091.2s 1627 Epoch 39 batch 200 loss 0.0281
31111.5s 1628 Epoch 39 batch 250 loss 0.0254
31132.2s 1629 Epoch 39 batch 300 loss 0.0258
31151.8s 1630 Epoch 39 batch 350 loss 0.0269
31172.8s 1631 Epoch 39 batch 400 loss 0.0265
31193.0s 1632 Epoch 39 batch 450 loss 0.0280
31213.9s 1633 Epoch 39 batch 500 loss 0.0243
31236.2s 1634 Epoch 39 batch 550 loss 0.0259
31263.2s 1635 Epoch 39 batch 600 loss 0.0273
31290.1s 1636 Epoch 39 batch 650 loss 0.0255
31311.3s 1637 Epoch 39 batch 700 loss 0.0264
31331.4s 1638 Epoch 39 batch 750 loss 0.0262
31355.6s 1639 Epoch 39 batch 800 loss 0.0268
31377.1s 1640 Epoch 39 batch 850 loss 0.0239
31401.0s 1641 Epoch 39 batch 900 loss 0.0263
31422.3s 1642 Epoch 39 batch 950 loss 0.0262
31444.2s 1643 Epoch 39 batch 1000 loss 0.0261
31469.4s 1644 Epoch 39 batch 1050 loss 0.0257
31499.7s 1645 Epoch 39 batch 1100 loss 0.0267
31525.9s 1646 Epoch 39 batch 1150 loss 0.0274
31553.5s 1647 Epoch 39 batch 1200 loss 0.0254
31574.0s 1648 Epoch 39 batch 1250 loss 0.0259
31596.5s 1649 Epoch 39 batch 1300 loss 0.0257
31620.8s 1650 Epoch 39 batch 1350 loss 0.0252
31646.8s 1651 Epoch 39 batch 1400 loss 0.0314
31670.4s 1652 Epoch 39 batch 1450 loss 0.0237
31697.3s 1653 Epoch 39 batch 1500 loss 0.0277
31726.9s 1654 Epoch 39 batch 1550 loss 0.0278
31754.2s 1655 Epoch 39 batch 1600 loss 0.0258
31780.2s 1656 Epoch 39 batch 1650 loss 0.0256
31807.1s 1657 Epoch 39 batch 1700 loss 0.0238
31833.1s 1658 Epoch 39 batch 1750 loss 0.0275
31859.0s 1659 Epoch 39 batch 1800 loss 0.0248
31881.5s 1660 Epoch 39 batch 1850 loss 0.0263
31913.4s 1661 
31913.4s 1662 Epoch 39/40  Train Loss: 0.0263  Val Loss: 0.0373  Val PCKh: 56.2%  (909s)
31913.4s 1663 
31913.4s 1664 ✓ New best model saved (PCKh=56.2%)
31915.7s 1665 Epoch 40 batch 0 loss 0.0262
31938.3s 1666 Epoch 40 batch 50 loss 0.0261
31961.4s 1667 Epoch 40 batch 100 loss 0.0242
31982.8s 1668 Epoch 40 batch 150 loss 0.0259
32005.9s 1669 Epoch 40 batch 200 loss 0.0254
32030.0s 1670 Epoch 40 batch 250 loss 0.0239
32053.3s 1671 Epoch 40 batch 300 loss 0.0256
32073.4s 1672 Epoch 40 batch 350 loss 0.0262
32095.7s 1673 Epoch 40 batch 400 loss 0.0246
32116.3s 1674 Epoch 40 batch 450 loss 0.0266
32136.7s 1675 Epoch 40 batch 500 loss 0.0241
32155.8s 1676 Epoch 40 batch 550 loss 0.0276
32176.4s 1677 Epoch 40 batch 600 loss 0.0258
32196.0s 1678 Epoch 40 batch 650 loss 0.0263
32216.4s 1679 Epoch 40 batch 700 loss 0.0260
32235.8s 1680 Epoch 40 batch 750 loss 0.0252
32255.7s 1681 Epoch 40 batch 800 loss 0.0246
32276.0s 1682 Epoch 40 batch 850 loss 0.0277
32296.3s 1683 Epoch 40 batch 900 loss 0.0273
32316.2s 1684 Epoch 40 batch 950 loss 0.0242
32336.9s 1685 Epoch 40 batch 1000 loss 0.0251
32357.4s 1686 Epoch 40 batch 1050 loss 0.0256
32380.4s 1687 Epoch 40 batch 1100 loss 0.0288
32407.8s 1688 Epoch 40 batch 1150 loss 0.0253
32434.9s 1689 Epoch 40 batch 1200 loss 0.0266
32464.3s 1690 Epoch 40 batch 1250 loss 0.0241
32491.5s 1691 Epoch 40 batch 1300 loss 0.0274
32514.4s 1692 Epoch 40 batch 1350 loss 0.0266
32538.0s 1693 Epoch 40 batch 1400 loss 0.0272
32561.4s 1694 Epoch 40 batch 1450 loss 0.0254
32584.7s 1695 Epoch 40 batch 1500 loss 0.0253
32606.3s 1696 Epoch 40 batch 1550 loss 0.0277
32629.9s 1697 Epoch 40 batch 1600 loss 0.0273
32654.3s 1698 Epoch 40 batch 1650 loss 0.0254
32679.2s 1699 Epoch 40 batch 1700 loss 0.0258
32703.3s 1700 Epoch 40 batch 1750 loss 0.0274
32729.5s 1701 Epoch 40 batch 1800 loss 0.0276
32759.4s 1702 Epoch 40 batch 1850 loss 0.0270
32798.5s 1703 
32798.5s 1704 Epoch 40/40  Train Loss: 0.0262  Val Loss: 0.0374  Val PCKh: 56.5%  (885s)
32798.5s 1705 
32798.5s 1706 ✓ New best model saved (PCKh=56.5%)
32798.5s 1707 
32798.5s 1708 Training complete. Best PCKh: 56.5%
32802.2s 1709 Traceback (most recent call last):
32802.2s 1710 File "<string>", line 1, in <module>
32802.2s 1711 File "/usr/local/lib/python3.12/dist-packages/papermill/execute.py", line 131, in execute_notebook
32802.2s 1712 raise_for_execution_errors(nb, output_path)
32802.2s 1713 File "/usr/local/lib/python3.12/dist-packages/papermill/execute.py", line 251, in raise_for_execution_errors
32802.2s 1714 raise error
32802.2s 1715 papermill.exceptions.PapermillExecutionError:
32802.2s 1716 ---------------------------------------------------------------------------
32802.2s 1717 Exception encountered at "In [1]":
32802.2s 1718 ---------------------------------------------------------------------------
32802.2s 1719 ModuleNotFoundError                       Traceback (most recent call last)
32802.2s 1720 /tmp/ipykernel_23/2371636158.py in <cell line: 0>()
32802.2s 1721 1102
32802.2s 1722 1103     # 2. Export to ONNX
32802.2s 1723 -> 1104     onnx_path = export_to_onnx(best_checkpoint)
32802.2s 1724 1105
32802.2s 1725 1106     # 3. Visualize (optional)
32802.2s 1726 
32802.2s 1727 /tmp/ipykernel_23/2371636158.py in export_to_onnx(checkpoint_path, output_path)
32802.2s 1728 975     """
32802.2s 1729 976     import onnx
32802.2s 1730 --> 977     from onnxruntime.quantization import quantize_dynamic, QuantType
32802.2s 1731 978
32802.2s 1732 979     model = FitJourneyNetV2(num_kp=NUM_KP)
32802.2s 1733 
32802.2s 1734 ModuleNotFoundError: No module named 'onnxruntime'
32802.2s 1735 
32804.8s 1736 /usr/local/lib/python3.12/dist-packages/mistune.py:435: SyntaxWarning: invalid escape sequence '\|'
32804.8s 1737 cells[i][c] = re.sub('\\\\\|', '|', cell)
32805.1s 1738 /usr/local/lib/python3.12/dist-packages/nbconvert/filters/filter_links.py:36: SyntaxWarning: invalid escape sequence '\_'
32805.1s 1739 text = re.sub(r'_', '\_', text) # Escape underscores in display text
32805.8s 1740 [NbConvertApp] Converting notebook __notebook__.ipynb to notebook
32806.3s 1741 [NbConvertApp] Writing 126235 bytes to __notebook__.ipynb
32809.0s 1742 [NbConvertApp] Converting notebook __notebook__.ipynb to html
32810.0s 1743 [NbConvertApp] Writing 523490 bytes to __results__.html